[20:30:09] === 01 import === 
[20:30:09] raw: 13343 rows x 66 cols 
[20:30:10] typed frame: 13343 x 82 
[20:30:10] wrote outputs/tables/S1_data_dictionary.csv (66 rows) 
[20:30:10] 01 complete 
[20:30:10] === 02 audit === 
[20:30:10] wrote outputs/tables/S2_audit_counts.csv (7 rows) 
[20:30:10] [OK] A1: Controls matched WITHOUT replacement 
[20:30:11] wrote outputs/tables/S3_realised_matching_ratio.csv (5 rows) 
[20:30:11] [MAJOR] B1: 1:4 matching NOT achieved: mean 3.57 controls/case, only 66.4% of sets are full 
[20:30:11] [MAJOR] B2: 869 IIH cases (6.5%) could not be matched and are excluded from all comparative analyses 
[20:30:11] [MAJOR] B3: Analytic counts do NOT reproduce protocol v2.0 section 6 
[20:30:11] wrote outputs/tables/S4_match_tier.csv (7 rows) 
[20:30:11] [CRITICAL] C1: 2087 IIH cases have last_encounter_date AFTER the data-freeze date (max 2038-09-21) 
[20:30:11] [CRITICAL] C2: Controls have NO date fields at all (last_encounter, first_encounter, death, DOB all blank) 
[20:30:11] [MINOR] C3: 20 cases have index dates before 2000 (min 1990) 
[20:30:11] [MODERATE] C4: 1 seizure_date before index; 57 seizure_dates on patients not flagged incident 
[20:30:11] [CRITICAL] D1: Supplied `status` never codes death in cases: 91 IIH cases have died_fu=1 but 0 have status=2 
[20:30:11] wrote outputs/tables/S5_followup_by_cohort.csv (2 rows) 
[20:30:11] [MAJOR] E1: Follow-up is markedly longer in cases (median 4.75 y) than controls (median 3.42 y) 
[20:30:11] wrote outputs/tables/S6_cohort_specific_variables.csv (37 rows) 
[20:30:11] [CRITICAL] F1: 37 variables are extracted for one cohort only 
[20:30:11] [CRITICAL] F2: Race was matched on but is unverifiable 
[20:30:11] [MAJOR] F3: smoking uses different encodings in the two cohorts (text in cases, 0/1/2 in controls) 
[20:30:11] wrote outputs/tables/S7_encephalocele_assessability.csv (4 rows) 
[20:30:11] [CRITICAL] G1: Encephalocele assessable in only 90/3601 cases (2.5%); 65 positive; 5 and 3 incident seizures in enceph+/enceph- 
[20:30:11] [MAJOR] H1: Opening pressure is recorded for 2517/3601 cases (70%) and is <25 cmH2O in 726 (29% of measured) 
[20:30:11] [MAJOR] H2: No severity (mild/moderate/severe), Frisen grade, perimetry, fulminant flag, symptom-onset interval, or ASM/treatment start-stop dates exist in this file 
[20:30:11] [MAJOR] H3: No validation sample and no double-read/adjudication overlap exist in this file 
[20:30:11] [MAJOR] I1: Post-index encounters: case median 81 vs control median 17 
[20:30:11] [MODERATE] J1: carpal_incident is missing for 1418 controls (all male) and GERD was never extracted 
[20:30:11] wrote outputs/tables/S8_implausible_values.csv (7 rows) 
[20:30:11] wrote outputs/tables/S9_audit_findings.csv (19 rows) 
[20:30:11] 02 complete: 19 findings (6 critical) 
[20:30:11] === 03 cohort flow === 
[20:30:11] wrote outputs/tables/T2_cohort_flow.csv (8 rows) 
[20:30:11] wrote outputs/tables/S10_unverifiable_exclusions.csv (8 rows) 
[20:30:11] wrote outputs/tables/S11_timing_bias_assessment.csv (4 rows) 
[20:30:11] 03 complete 
[20:30:11] === 04 matching & balance === 
[20:30:11] wrote outputs/tables/S12_matching_tolerance_check.csv (4 rows) 
[20:30:11] sex exact: 100% | age +/-3: 94.9% | BMI +/-3: 91.5% 
[20:30:11] wrote outputs/tables/T1_baseline_balance.csv (10 rows) 
[20:30:11] wrote outputs/tables/S13_propensity_diagnostics.csv (5 rows) 
[20:30:11] PS c-statistic = 0.510 
[20:30:11] 04 complete 
[20:30:11] === 05 outcome & follow-up === 
[20:30:11] wrote outputs/tables/S27_data_freeze_impact.csv (2 rows) 
[20:30:11] matched analytic set: 12474 (2732 IIH, 9742 controls) 
[20:30:11] sets with both arms present: 2731 
[20:30:11] incident seizures: 185 | deaths before seizure: 195 
[20:30:11] wrote outputs/tables/S14_events_by_horizon.csv (5 rows) 
[20:30:11] wrote outputs/tables/S15_presenting_seizure_group.csv (5 rows) 
[20:30:12] 05 complete 
[20:30:12] === 06 primary analysis === 
[20:30:12] wrote outputs/tables/T3_incidence_rates.csv (6 rows) 
[20:30:12] wrote outputs/tables/T4a_cox_models.csv (6 rows) 
[20:30:12] wrote outputs/tables/S16_ph_assumption.csv (3 rows) 
[20:30:12] wrote outputs/tables/T4b_competing_risk.csv (3 rows) 
[20:30:13] wrote outputs/tables/T4c_cumulative_incidence.csv (6 rows) 
[20:30:13] wrote outputs/tables/T4d_risk_difference.csv (1 rows) 
[20:30:13] wrote outputs/tables/T4e_evalue.csv (2 rows) 
[20:30:13] 06 complete 
[20:30:13] === 07 secondary === 
[20:30:13] wrote outputs/tables/T5a_negative_control.csv (2 rows) 
[20:30:14] wrote outputs/tables/T5b_time_split.csv (3 rows) 
[20:30:14] wrote outputs/tables/T5c_eeg_descriptive.csv (4 rows) 
[20:30:14] wrote outputs/tables/S17_death_hazard_asymmetry.csv (1 rows) 
[20:30:14] wrote outputs/tables/T5d_exploratory_within_iih.csv (3 rows) 
[20:30:14] wrote outputs/tables/T5e_encephalocele_descriptive.csv (5 rows) 
[20:30:14] wrote outputs/tables/S18_mediation_verdict.csv (1 rows) 
[20:30:14] 07 complete 
[20:30:14] === 08 sensitivity === 
[20:30:15] wrote outputs/tables/T6_sensitivity_analyses.csv (18 rows) 
[20:30:16] wrote outputs/tables/T6b_tipping_point.csv (6 rows) 
[20:30:16] wrote outputs/tables/T6c_outcome_misclassification.csv (5 rows) 
[20:30:16] 08 complete 
[20:30:16] === 09 subgroups & alternative models === 
[20:30:16] wrote outputs/tables/T8_subgroup_interactions.csv (11 rows) 
[20:30:16] wrote outputs/tables/S19_subgroup_caution.csv (1 rows) 
[20:31:14] wrote outputs/tables/T9_restricted_mean_time_lost.csv (3 rows) 
[20:31:14] wrote outputs/tables/S20_time_varying_hr.csv (98 rows) 
[20:31:14] 09 complete 
[20:31:14] === 13 radiology text extraction (EXPLORATORY) === 
[20:31:14] reports: 3115 | unique patients: 3115 | all one report per patient: TRUE 
[20:31:14] wrote outputs/tables/S21_radiology_linkage.csv (4 rows) 
[20:31:17] wrote outputs/tables/T10_radiology_text_yield.csv (8 rows) 
[20:31:17] wrote outputs/tables/T10b_radiology_text_vs_structured.csv (7 rows) 
[20:31:20] wrote outputs/tables/S22_radiology_per_patient_for_review.csv (2808 rows) 
[20:31:20] wrote outputs/tables/S23_radiology_review_sample.csv (214 rows) 
[20:31:20] review sample: 214 reports (all 97 text-positive + sampled negatives) 
[20:31:20] wrote outputs/tables/S24_radiology_extraction_status.csv (1 rows) 
[20:31:20] 13 complete 
[20:31:20] === 14 missing data === 
[20:31:20] wrote outputs/tables/S25_missingness_by_stratum.csv (72 rows) 
[20:31:20] wrote outputs/tables/S26_differential_missingness.csv (12 rows) 
[20:31:20] missing in adjustment set: age_index=0, bmi_index=0, sex=0, enc_pre12=12 
[20:31:23] MI (m=10) complete; FMI-relevant between-imputation variance = 8.48e-05 
[20:31:23] wrote outputs/tables/T11_missing_data_comparison.csv (3 rows) 
[20:31:23] 14 complete 
[20:31:23] === 15 medications (PROVISIONAL) === 
[20:31:23] wrote outputs/tables/T12_medication_coverage.csv (8 rows) 
[20:31:23] wrote outputs/tables/S28_medication_source_files.csv (2 rows) 
[20:31:23] wrote outputs/tables/T12b_contamination_check.csv (3 rows) 
[20:31:23] wrote outputs/tables/T12c_asm_classification_check.csv (7 rows) 
[20:31:23] wrote outputs/tables/S29_asm_frequency.csv (18 rows) 
[20:31:23] acetazolamide rows in extract: 0 
[20:31:23] wrote outputs/tables/T13_asm_vs_outcome_controls.csv (4 rows) 
[20:31:23] controls with an unambiguous ASM but NO recorded outcome: 63 (2.23% of 2821 with medication data) 
[20:31:23] wrote outputs/tables/S30_discordant_asm_timing.csv (1 rows) 
[20:31:23] wrote outputs/tables/S31_discordant_asm_drugs.csv (9 rows) 
[20:31:23] wrote outputs/tables/T13b_anchored_tipping_point.csv (5 rows) 
[20:31:23] wrote outputs/tables/T13d_anchored_tipping_extrapolated.csv (3 rows) 
[20:31:23] wrote outputs/tables/T13c_anchored_tipping_interpretation.csv (1 rows) 
[20:31:23] wrote outputs/tables/S32_medication_extract_status.csv (1 rows) 
[20:31:23] 15 complete 
[20:31:23] === 10 figures === 
[20:31:24] wrote figure F1_cohort_flow (.png/.pdf) 
[20:31:25] wrote figure F2_balance_love_plot (.png/.pdf) 
[20:31:25] wrote figure F3_incidence_rates (.png/.pdf) 
[20:31:26] wrote figure F4_cumulative_incidence (.png/.pdf) 
[20:31:27] wrote figure F5_forest_sensitivity (.png/.pdf) 
[20:31:27] wrote figure F6_hazard_by_time (.png/.pdf) 
[20:31:28] wrote figure F7_followup_distribution (.png/.pdf) 
[20:31:29] wrote figure F8_missingness (.png/.pdf) 
[20:31:29] wrote figure F9_tipping_point (.png/.pdf) 
[20:31:30] wrote figure F10_dag (.png/.pdf) 
[20:31:30] wrote figure F11_negative_control (.png/.pdf) 
[20:31:30] 10 complete 
[20:31:31] wrote figure F12_subgroup_forest (.png/.pdf) 
[20:31:32] wrote figure F13_time_varying_hr (.png/.pdf) 
[20:31:32] === 11 tables === 
[20:31:32] wrote outputs/tables/T4_primary_models_combined.csv (15 rows) 
[20:31:32] wrote outputs/tables/T7_validation_and_reliability.csv (6 rows) 
[20:31:32] wrote outputs/tables/T0_table_manifest.csv (17 rows) 
[20:31:32] 11 complete 
[20:31:32] === 12 report === 
[20:31:32] wrote report/analysis_report.md 
[20:31:33] wrote report/analysis_report.html 
[20:31:33] 12 complete 
[03:59:39] === F1 import & audit (FINAL workbook) === 
[03:59:41] Analysis_Cohort: 11740 rows x 58 cols; excluded sheet: 1603 rows 
[03:59:41] supplied e3/t3 and e5/t5 reproduce exactly from t_y and event 
[03:59:41] wrote outputs/tables/F_S1_washout_symmetry.csv (2 rows) 
[03:59:41] wrote outputs/tables/F_T2b_matching_ratio.csv (4 rows) 
[03:59:41] mean controls/case = 3.48 | full 1:4 sets = 61.5% 
[03:59:41] wrote outputs/tables/F_T2_cohort_flow.csv (7 rows) 
[03:59:41] wrote outputs/tables/F_S2_data_dictionary.csv (58 rows) 
[03:59:41] wrote outputs/tables/F_S3_source_manifest.csv (13 rows) 
[03:59:41] wrote outputs/tables/F_S4_codebook.csv (12 rows) 
[03:59:41] cohort-specific variables: 26 
[03:59:41] F1 complete 
[04:01:45] === F2 analysis (FINAL) === 
[04:01:45] wrote outputs/tables/F_S5_events_by_horizon.csv (5 rows) 
[04:01:46] wrote outputs/tables/F_T3_incidence_rates.csv (6 rows) 
[04:01:46] propensity c-statistic = 0.513 
[04:01:46] wrote outputs/tables/F_T4a_cox_models.csv (6 rows) 
[04:01:46] wrote outputs/tables/F_S6_ph_assumption.csv (3 rows) 
[04:01:46] wrote outputs/tables/F_T4b_competing_risk.csv (3 rows) 
[04:01:47] wrote outputs/tables/F_T4c_cumulative_incidence.csv (6 rows) 
[04:01:47] wrote outputs/tables/F_T4d_risk_difference.csv (1 rows) 
[04:01:47] wrote outputs/tables/F_T4e_evalue.csv (2 rows) 
[04:01:47] wrote outputs/tables/F_T5a_negative_control.csv (2 rows) 
[04:01:47] wrote outputs/tables/F_T5b_time_split.csv (3 rows) 
[04:01:47] wrote outputs/tables/F_T1_baseline_balance.csv (10 rows) 
[04:01:47] wrote outputs/tables/F_T8_subgroup_interactions.csv (11 rows) 
[04:01:48] wrote outputs/tables/F_T6_sensitivity_analyses.csv (14 rows) 
[04:01:48] wrote outputs/tables/F_T6b_tipping_point.csv (6 rows) 
[04:01:48] wrote outputs/tables/F_T6c_outcome_misclassification.csv (5 rows) 
[04:02:22] wrote outputs/tables/F_T9_restricted_mean_time_lost.csv (3 rows) 
[04:02:23] wrote outputs/tables/F_T5d_exploratory_within_iih.csv (2 rows) 
[04:02:23] wrote outputs/tables/F_T5e_encephalocele_descriptive.csv (5 rows) 
[04:02:23] F2 complete 
[04:02:33] === F2 analysis (FINAL) === 
[04:02:33] wrote outputs/tables/F_S5_events_by_horizon.csv (5 rows) 
[04:02:33] wrote outputs/tables/F_T3_incidence_rates.csv (6 rows) 
[04:02:33] propensity c-statistic = 0.513 
[04:02:34] wrote outputs/tables/F_T4a_cox_models.csv (6 rows) 
[04:02:34] wrote outputs/tables/F_S6_ph_assumption.csv (3 rows) 
[04:02:34] wrote outputs/tables/F_T4b_competing_risk.csv (3 rows) 
[04:02:34] wrote outputs/tables/F_T4c_cumulative_incidence.csv (6 rows) 
[04:02:34] wrote outputs/tables/F_T4d_risk_difference.csv (1 rows) 
[04:02:34] wrote outputs/tables/F_T4e_evalue.csv (2 rows) 
[04:02:34] wrote outputs/tables/F_T5a_negative_control.csv (2 rows) 
[04:02:35] wrote outputs/tables/F_T5b_time_split.csv (3 rows) 
[04:02:35] wrote outputs/tables/F_T1_baseline_balance.csv (10 rows) 
[04:02:35] wrote outputs/tables/F_T8_subgroup_interactions.csv (11 rows) 
[04:02:36] wrote outputs/tables/F_T6_sensitivity_analyses.csv (14 rows) 
[04:02:36] wrote outputs/tables/F_T6b_tipping_point.csv (6 rows) 
[04:02:36] wrote outputs/tables/F_T6c_outcome_misclassification.csv (5 rows) 
[04:03:12] wrote outputs/tables/F_T9_restricted_mean_time_lost.csv (3 rows) 
[04:03:12] wrote outputs/tables/F_T5d_exploratory_within_iih.csv (2 rows) 
[04:03:12] wrote outputs/tables/F_T5e_encephalocele_descriptive.csv (5 rows) 
[04:03:12] F2 complete 
[04:04:10] === F3 medications (FINAL cohort, PROVISIONAL) === 
[04:04:11] wrote outputs/tables/F_T12_medication_coverage.csv (5 rows) 
[04:04:11] wrote outputs/tables/F_T12c_asm_classification_check.csv (7 rows) 
[04:04:11] wrote outputs/tables/F_T13_asm_vs_outcome_controls.csv (4 rows) 
[04:04:11] controls on an unambiguous ASM with NO recorded outcome: 60 (2.26% of 2657 covered) 
[04:04:11] wrote outputs/tables/F_T13b_anchored_tipping_point.csv (5 rows) 
[04:04:11] wrote outputs/tables/F_T13d_anchored_tipping_extrapolated.csv (3 rows) 
[04:04:11] wrote outputs/tables/F_S7_medication_status.csv (1 rows) 
[04:04:11] F3 complete 
[04:06:21] === F1 import & audit (FINAL workbook) === 
[04:06:23] Analysis_Cohort: 11740 rows x 58 cols; excluded sheet: 1603 rows 
[04:06:23] supplied e3/t3 and e5/t5 reproduce exactly from t_y and event 
[04:06:23] wrote outputs/tables/F_S1_washout_symmetry.csv (2 rows) 
[04:06:23] wrote outputs/tables/F_T2b_matching_ratio.csv (4 rows) 
[04:06:23] mean controls/case = 3.48 | full 1:4 sets = 61.5% 
[04:06:23] wrote outputs/tables/F_T2_cohort_flow.csv (7 rows) 
[04:06:24] wrote outputs/tables/F_S2_data_dictionary.csv (58 rows) 
[04:06:24] wrote outputs/tables/F_S3_source_manifest.csv (13 rows) 
[04:06:24] wrote outputs/tables/F_S4_codebook.csv (12 rows) 
[04:06:24] cohort-specific variables: 26 
[04:06:24] F1 complete 
[04:06:24] === F2 analysis (FINAL) === 
[04:06:24] wrote outputs/tables/F_S5_events_by_horizon.csv (5 rows) 
[04:06:24] wrote outputs/tables/F_T3_incidence_rates.csv (6 rows) 
[04:06:24] propensity c-statistic = 0.513 
[04:06:24] wrote outputs/tables/F_T4a_cox_models.csv (6 rows) 
[04:06:24] wrote outputs/tables/F_S6_ph_assumption.csv (3 rows) 
[04:06:25] wrote outputs/tables/F_T4b_competing_risk.csv (3 rows) 
[04:06:25] wrote outputs/tables/F_T4c_cumulative_incidence.csv (6 rows) 
[04:06:25] wrote outputs/tables/F_T4d_risk_difference.csv (1 rows) 
[04:06:25] wrote outputs/tables/F_T4e_evalue.csv (2 rows) 
[04:06:25] wrote outputs/tables/F_T5a_negative_control.csv (2 rows) 
[04:06:25] wrote outputs/tables/F_T5b_time_split.csv (3 rows) 
[04:06:25] wrote outputs/tables/F_T1_baseline_balance.csv (10 rows) 
[04:06:25] wrote outputs/tables/F_T8_subgroup_interactions.csv (11 rows) 
[04:06:26] wrote outputs/tables/F_T6_sensitivity_analyses.csv (14 rows) 
[04:06:26] wrote outputs/tables/F_T6b_tipping_point.csv (6 rows) 
[04:06:26] wrote outputs/tables/F_T6c_outcome_misclassification.csv (5 rows) 
[04:07:05] wrote outputs/tables/F_T9_restricted_mean_time_lost.csv (3 rows) 
[04:07:05] wrote outputs/tables/F_T5d_exploratory_within_iih.csv (2 rows) 
[04:07:05] wrote outputs/tables/F_T5e_encephalocele_descriptive.csv (5 rows) 
[04:07:05] F2 complete 
[04:07:05] === F3 medications (FINAL cohort, PROVISIONAL) === 
[04:07:05] wrote outputs/tables/F_T12_medication_coverage.csv (5 rows) 
[04:07:05] wrote outputs/tables/F_T12c_asm_classification_check.csv (7 rows) 
[04:07:05] wrote outputs/tables/F_T13_asm_vs_outcome_controls.csv (4 rows) 
[04:07:05] controls on an unambiguous ASM with NO recorded outcome: 60 (2.26% of 2657 covered) 
[04:07:05] wrote outputs/tables/F_T13b_anchored_tipping_point.csv (5 rows) 
[04:07:05] wrote outputs/tables/F_T13d_anchored_tipping_extrapolated.csv (3 rows) 
[04:07:05] wrote outputs/tables/F_S7_medication_status.csv (1 rows) 
[04:07:05] F3 complete 
[04:07:05] === F4 figures & report (FINAL) === 
[04:07:06] wrote figure FIN_F1_cohort_flow (.png/.pdf) 
[04:07:06] wrote figure FIN_F2_balance (.png/.pdf) 
[04:07:07] wrote figure FIN_F3_incidence_rates (.png/.pdf) 
[04:07:07] wrote figure FIN_F4_cumulative_incidence (.png/.pdf) 
[04:07:08] wrote figure FIN_F5_forest_sensitivity (.png/.pdf) 
[04:07:09] wrote figure FIN_F6_subgroups (.png/.pdf) 
[04:07:09] wrote figure FIN_F7_negative_control (.png/.pdf) 
[04:07:09] wrote figure FIN_F8_tipping_point (.png/.pdf) 
[04:07:10] wrote figure FIN_F9_followup (.png/.pdf) 
[04:07:10] wrote figure FIN_F10_dag (.png/.pdf) 
[04:07:10] wrote report/final_analysis_report.md 
[04:07:18] F4 complete 
[04:07:44] === F4 figures & report (FINAL) === 
[04:07:45] wrote figure FIN_F1_cohort_flow (.png/.pdf) 
[04:07:45] wrote figure FIN_F2_balance (.png/.pdf) 
[04:07:46] wrote figure FIN_F3_incidence_rates (.png/.pdf) 
[04:07:46] wrote figure FIN_F4_cumulative_incidence (.png/.pdf) 
[04:07:47] wrote figure FIN_F5_forest_sensitivity (.png/.pdf) 
[04:07:48] wrote figure FIN_F6_subgroups (.png/.pdf) 
[04:07:48] wrote figure FIN_F7_negative_control (.png/.pdf) 
[04:07:48] wrote figure FIN_F8_tipping_point (.png/.pdf) 
[04:07:48] wrote figure FIN_F9_followup (.png/.pdf) 
[04:07:49] wrote figure FIN_F10_dag (.png/.pdf) 
[04:07:49] wrote report/final_analysis_report.md 
[04:07:50] F4 complete 
[04:37:52] === F5 Cox regression (FINAL) === 
[04:37:52] wrote outputs/tables/F_T14a_events_per_parameter.csv (4 rows) 
[04:37:52] wrote outputs/tables/F_T14b_univariable_cox.csv (11 rows) 
[04:37:52] wrote outputs/tables/F_T14c_multivariable_cox.csv (29 rows) 
[04:37:53] wrote outputs/tables/F_T14d_exposure_across_models.csv (4 rows) 
[04:38:34] === F5 Cox regression (FINAL) === 
[04:38:34] wrote outputs/tables/F_T14j_smoking_not_adjustable.csv (4 rows) 
[04:38:34] smoking excluded from all models: all 9122 controls are coded Unknown (structural collinearity with exposure) 
[04:38:34] wrote outputs/tables/F_T14a_events_per_parameter.csv (4 rows) 
[04:38:34] wrote outputs/tables/F_T14b_univariable_cox.csv (8 rows) 
[04:38:34] wrote outputs/tables/F_T14c_multivariable_cox.csv (23 rows) 
[04:38:34] wrote outputs/tables/F_T14d_exposure_across_models.csv (4 rows) 
[04:38:34] wrote outputs/tables/F_T14e_ph_by_term.csv (9 rows) 
[04:38:35] wrote outputs/tables/F_T14f_linearity_checks.csv (2 rows) 
[04:38:35] wrote outputs/tables/F_T14g_collinearity_vif.csv (8 rows) 
[04:38:35] wrote outputs/tables/F_T14h_influence.csv (3 rows) 
[04:38:35] wrote outputs/tables/F_T14i_wald_blocks.csv (4 rows) 
[04:38:36] wrote figure FIN_F11_cox_multivariable_forest (.png/.pdf) 
[04:38:36] F5 complete 
[04:38:52] === F5 Cox regression (FINAL) === 
[04:38:52] wrote outputs/tables/F_T14j_smoking_not_adjustable.csv (4 rows) 
[04:38:52] smoking excluded from all models: all 9122 controls are coded Unknown (structural collinearity with exposure) 
[04:38:52] wrote outputs/tables/F_T14a_events_per_parameter.csv (4 rows) 
[04:38:52] wrote outputs/tables/F_T14b_univariable_cox.csv (8 rows) 
[04:38:53] wrote outputs/tables/F_T14c_multivariable_cox.csv (23 rows) 
[04:38:53] wrote outputs/tables/F_T14d_exposure_across_models.csv (4 rows) 
[04:38:53] wrote outputs/tables/F_T14e_ph_by_term.csv (9 rows) 
[04:38:53] wrote outputs/tables/F_T14f_linearity_checks.csv (2 rows) 
[04:38:53] wrote outputs/tables/F_T14g_collinearity_vif.csv (8 rows) 
[04:38:53] wrote outputs/tables/F_T14h_influence.csv (3 rows) 
[04:38:53] wrote outputs/tables/F_T14i_wald_blocks.csv (4 rows) 
[04:38:54] wrote figure FIN_F11_cox_multivariable_forest (.png/.pdf) 
[04:38:54] F5 complete 
[04:39:23] === F1 import & audit (FINAL workbook) === 
[04:39:26] Analysis_Cohort: 11740 rows x 58 cols; excluded sheet: 1603 rows 
[04:39:26] supplied e3/t3 and e5/t5 reproduce exactly from t_y and event 
[04:39:26] wrote outputs/tables/F_S1_washout_symmetry.csv (2 rows) 
[04:39:26] wrote outputs/tables/F_T2b_matching_ratio.csv (4 rows) 
[04:39:26] mean controls/case = 3.48 | full 1:4 sets = 61.5% 
[04:39:26] wrote outputs/tables/F_T2_cohort_flow.csv (7 rows) 
[04:39:27] wrote outputs/tables/F_S2_data_dictionary.csv (58 rows) 
[04:39:27] wrote outputs/tables/F_S3_source_manifest.csv (13 rows) 
[04:39:27] wrote outputs/tables/F_S4_codebook.csv (12 rows) 
[04:39:27] cohort-specific variables: 26 
[04:39:27] F1 complete 
[04:39:27] === F2 analysis (FINAL) === 
[04:39:27] wrote outputs/tables/F_S5_events_by_horizon.csv (5 rows) 
[04:39:27] wrote outputs/tables/F_T3_incidence_rates.csv (6 rows) 
[04:39:27] propensity c-statistic = 0.513 
[04:39:28] wrote outputs/tables/F_T4a_cox_models.csv (6 rows) 
[04:39:28] wrote outputs/tables/F_S6_ph_assumption.csv (3 rows) 
[04:39:28] wrote outputs/tables/F_T4b_competing_risk.csv (3 rows) 
[04:39:28] wrote outputs/tables/F_T4c_cumulative_incidence.csv (6 rows) 
[04:39:28] wrote outputs/tables/F_T4d_risk_difference.csv (1 rows) 
[04:39:28] wrote outputs/tables/F_T4e_evalue.csv (2 rows) 
[04:39:28] wrote outputs/tables/F_T5a_negative_control.csv (2 rows) 
[04:39:29] wrote outputs/tables/F_T5b_time_split.csv (3 rows) 
[04:39:29] wrote outputs/tables/F_T1_baseline_balance.csv (10 rows) 
[04:39:29] wrote outputs/tables/F_T8_subgroup_interactions.csv (11 rows) 
[04:39:30] wrote outputs/tables/F_T6_sensitivity_analyses.csv (14 rows) 
[04:39:30] wrote outputs/tables/F_T6b_tipping_point.csv (6 rows) 
[04:39:30] wrote outputs/tables/F_T6c_outcome_misclassification.csv (5 rows) 
[04:40:18] wrote outputs/tables/F_T9_restricted_mean_time_lost.csv (3 rows) 
[04:40:18] wrote outputs/tables/F_T5d_exploratory_within_iih.csv (2 rows) 
[04:40:18] wrote outputs/tables/F_T5e_encephalocele_descriptive.csv (5 rows) 
[04:40:18] F2 complete 
[04:40:18] === F3 medications (FINAL cohort, PROVISIONAL) === 
[04:40:19] wrote outputs/tables/F_T12_medication_coverage.csv (5 rows) 
[04:40:19] wrote outputs/tables/F_T12c_asm_classification_check.csv (7 rows) 
[04:40:19] wrote outputs/tables/F_T13_asm_vs_outcome_controls.csv (4 rows) 
[04:40:19] controls on an unambiguous ASM with NO recorded outcome: 60 (2.26% of 2657 covered) 
[04:40:19] wrote outputs/tables/F_T13b_anchored_tipping_point.csv (5 rows) 
[04:40:19] wrote outputs/tables/F_T13d_anchored_tipping_extrapolated.csv (3 rows) 
[04:40:19] wrote outputs/tables/F_S7_medication_status.csv (1 rows) 
[04:40:19] F3 complete 
[04:40:19] === F5 Cox regression (FINAL) === 
[04:40:19] wrote outputs/tables/F_T14j_smoking_not_adjustable.csv (4 rows) 
[04:40:19] smoking excluded from all models: all 9122 controls are coded Unknown (structural collinearity with exposure) 
[04:40:19] wrote outputs/tables/F_T14a_events_per_parameter.csv (4 rows) 
[04:40:19] wrote outputs/tables/F_T14b_univariable_cox.csv (8 rows) 
[04:40:19] wrote outputs/tables/F_T14c_multivariable_cox.csv (23 rows) 
[04:40:19] wrote outputs/tables/F_T14d_exposure_across_models.csv (4 rows) 
[04:40:19] wrote outputs/tables/F_T14e_ph_by_term.csv (9 rows) 
[04:40:20] wrote outputs/tables/F_T14f_linearity_checks.csv (2 rows) 
[04:40:20] wrote outputs/tables/F_T14g_collinearity_vif.csv (8 rows) 
[04:40:20] wrote outputs/tables/F_T14h_influence.csv (3 rows) 
[04:40:20] wrote outputs/tables/F_T14i_wald_blocks.csv (4 rows) 
[04:40:20] wrote figure FIN_F11_cox_multivariable_forest (.png/.pdf) 
[04:40:20] F5 complete 
[04:40:20] === F4 figures & report (FINAL) === 
[04:40:20] wrote figure FIN_F1_cohort_flow (.png/.pdf) 
[04:40:21] wrote figure FIN_F2_balance (.png/.pdf) 
[04:40:21] wrote figure FIN_F3_incidence_rates (.png/.pdf) 
[04:40:22] wrote figure FIN_F4_cumulative_incidence (.png/.pdf) 
[04:40:23] wrote figure FIN_F5_forest_sensitivity (.png/.pdf) 
[04:40:24] wrote figure FIN_F6_subgroups (.png/.pdf) 
[04:40:24] wrote figure FIN_F7_negative_control (.png/.pdf) 
[04:40:24] wrote figure FIN_F8_tipping_point (.png/.pdf) 
[04:40:25] wrote figure FIN_F9_followup (.png/.pdf) 
[04:40:25] wrote figure FIN_F10_dag (.png/.pdf) 
[04:40:25] wrote report/final_analysis_report.md 
[04:40:32] F4 complete 
[04:40:54] === F4 figures & report (FINAL) === 
[04:40:54] wrote figure FIN_F1_cohort_flow (.png/.pdf) 
[04:40:55] wrote figure FIN_F2_balance (.png/.pdf) 
[04:40:55] wrote figure FIN_F3_incidence_rates (.png/.pdf) 
[04:40:56] wrote figure FIN_F4_cumulative_incidence (.png/.pdf) 
[04:40:57] wrote figure FIN_F5_forest_sensitivity (.png/.pdf) 
[04:40:58] wrote figure FIN_F6_subgroups (.png/.pdf) 
[04:40:58] wrote figure FIN_F7_negative_control (.png/.pdf) 
[04:40:58] wrote figure FIN_F8_tipping_point (.png/.pdf) 
[04:40:59] wrote figure FIN_F9_followup (.png/.pdf) 
[04:41:00] wrote figure FIN_F10_dag (.png/.pdf) 
[04:41:00] wrote report/final_analysis_report.md 
[04:41:01] F4 complete 
[15:28:26] === F6 additional analyses === 
[15:28:26] wrote outputs/tables/F_T15_external_benchmark.csv (4 rows) 
[15:28:26] wrote outputs/tables/F_T16_latency_to_event.csv (2 rows) 
[15:28:26] wrote outputs/tables/F_T17_bmi_interaction_curve.csv (12 rows) 
[15:28:26] continuous BMI x IIH interaction p = 0.558 | HR per 5 BMI units: 0.92 
[15:28:26] wrote outputs/tables/F_T17b_continuous_interactions.csv (2 rows) 
[15:28:27] wrote outputs/tables/F_T18_absolute_risk_by_subgroup.csv (7 rows) 
[15:28:27] wrote outputs/tables/F_T19_attributable_fraction.csv (1 rows) 
[15:28:27] wrote outputs/tables/F_T20_calendar_trend.csv (8 rows) 
[15:28:27] exposure x calendar-era interaction p = 0.994 
[15:28:27] wrote outputs/tables/F_T21_design_effect.csv (2 rows) 
[15:30:35] wrote outputs/tables/F_T22_permutation_test.csv (1 rows) 
[15:30:35] wrote outputs/tables/F_T23_time_varying_hr.csv (15 rows) 
[15:30:35] wrote outputs/tables/F_T24_minimum_detectable_effect.csv (6 rows) 
[15:30:35] wrote outputs/tables/F_T25_missingness.csv (13 rows) 
[15:30:35] F6 complete 
[15:31:58] === F7 additional figures === 
[15:32:00] wrote figure FIN_G1_latency_distribution (.png/.pdf) 
[15:32:01] wrote figure FIN_G2_bmi_interaction_continuous (.png/.pdf) 
[15:32:01] wrote figure FIN_G3_absolute_risk_by_subgroup (.png/.pdf) 
[15:32:02] wrote figure FIN_G4_calendar_trend (.png/.pdf) 
[15:32:03] wrote figure FIN_G5_minimum_detectable_effect (.png/.pdf) 
[15:32:03] wrote figure FIN_G6_time_varying_hr (.png/.pdf) 
[15:32:03] F7 complete 
[16:08:07] === F4 figures & report (FINAL) === 
[16:08:08] wrote figure FIN_F1_cohort_flow (.png/.pdf) 
[16:08:09] wrote figure FIN_F2_balance (.png/.pdf) 
[16:08:10] wrote figure FIN_F3_incidence_rates (.png/.pdf) 
[16:08:11] wrote figure FIN_F4_cumulative_incidence (.png/.pdf) 
[16:08:11] wrote figure FIN_F5_forest_sensitivity (.png/.pdf) 
[16:08:13] wrote figure FIN_F6_subgroups (.png/.pdf) 
[16:08:13] wrote figure FIN_F7_negative_control (.png/.pdf) 
[16:08:14] wrote figure FIN_F8_tipping_point (.png/.pdf) 
[16:08:14] wrote figure FIN_F9_followup (.png/.pdf) 
[16:08:15] wrote figure FIN_F10_dag (.png/.pdf) 
[16:08:15] consistency guard passed: report headline matches F_T4a, F_T4d and F_T9 on disk 
[16:08:16] wrote report/final_analysis_report.md 
[16:08:25] F4 complete 
[16:08:52] === 12 report === 
[16:08:53] wrote report/analysis_report.md 
[16:08:54] wrote report/analysis_report.html 
[16:08:54] 12 complete 
[19:38:34] === F8 dual-channel outcome dating === 
[19:38:35] wrote outputs/tables/DC_T00_asm_drugs_counted.csv (18 rows) 
[19:38:35] wrote outputs/tables/DC_T00b_medication_classes.csv (5 rows) 
[19:38:35] ASM generics counted: 18 (3888 rows) 
[19:38:35] wrote outputs/tables/DC_T01_medication_coverage.csv (2 rows) 
[19:38:35] coverage symmetric enough for earliest-of to be PRIMARY? FALSE 
[19:38:35] wrote outputs/tables/DC_T02_new_exclusions.csv (2 rows) 
[19:38:35] ASM-only records falling after censoring (not counted): 0 
[19:38:35] wrote outputs/tables/DC_T03_event_provenance.csv (4 rows) 
[19:38:35] wrote outputs/tables/DC_T04_code_minus_asm_lag.csv (2 rows) 
[19:38:36] wrote outputs/tables/DC_T05_models_dual_channel.csv (9 rows) 
[19:38:36] coverage-restricted: 27 matched sets | 27 cases, 37 controls 
[19:38:36] wrote outputs/tables/DC_T06_coverage_restricted.csv (3 rows) 
[19:38:36] wrote outputs/tables/DC_T06b_coverage_restricted_composition.csv (6 rows) 
[19:38:36] wrote outputs/tables/DC_T07_cumulative_incidence.csv (6 rows) 
[19:38:36] wrote outputs/tables/DC_T08_risk_difference.csv (1 rows) 
[19:39:16] wrote outputs/tables/DC_T09_restricted_mean_time_lost.csv (3 rows) 
[19:39:16] wrote outputs/tables/DC_T10_washout_symmetry.csv (2 rows) 
[19:39:17] wrote outputs/tables/DC_T11_ph_assumption.csv (3 rows) 
[19:39:17] wrote outputs/tables/DC_T12_negative_control.csv (2 rows) 
[19:39:17] wrote outputs/tables/DC_T13_summary_comparison.csv (9 rows) 
[19:39:17] F8 complete 
[19:40:36] === F8 dual-channel outcome dating === 
[19:40:36] wrote outputs/tables/DC_T00_asm_drugs_counted.csv (18 rows) 
[19:40:36] wrote outputs/tables/DC_T00b_medication_classes.csv (5 rows) 
[19:40:36] ASM generics counted: 18 (3888 rows) 
[19:40:36] wrote outputs/tables/DC_T01_medication_coverage.csv (2 rows) 
[19:40:36] coverage symmetric enough for earliest-of to be PRIMARY? FALSE 
[19:40:37] wrote outputs/tables/DC_T02_new_exclusions.csv (2 rows) 
[19:40:37] ASM-only records falling after censoring (not counted): 0 
[19:40:37] wrote outputs/tables/DC_T03_event_provenance.csv (4 rows) 
[19:40:37] wrote outputs/tables/DC_T04_code_minus_asm_lag.csv (2 rows) 
[19:40:38] wrote outputs/tables/DC_T05_models_dual_channel.csv (9 rows) 
[19:40:38] coverage-restricted: 27 matched sets | 27 cases, 37 controls 
[19:40:38] wrote outputs/tables/DC_T06_coverage_restricted.csv (3 rows) 
[19:40:38] wrote outputs/tables/DC_T06b_coverage_restricted_composition.csv (6 rows) 
[19:40:38] wrote outputs/tables/DC_T07_cumulative_incidence.csv (6 rows) 
[19:40:38] wrote outputs/tables/DC_T08_risk_difference.csv (1 rows) 
[19:41:19] wrote outputs/tables/DC_T09_restricted_mean_time_lost.csv (3 rows) 
[19:41:19] wrote outputs/tables/DC_T10_washout_symmetry.csv (2 rows) 
[19:41:19] wrote outputs/tables/DC_T11_ph_assumption.csv (3 rows) 
[19:41:19] wrote outputs/tables/DC_T12_negative_control.csv (2 rows) 
[19:41:19] wrote outputs/tables/DC_T13_summary_comparison.csv (9 rows) 
[19:41:19] F8 complete 
[19:41:38] === F8 dual-channel outcome dating === 
[19:41:38] wrote outputs/tables/DC_T00_asm_drugs_counted.csv (18 rows) 
[19:41:38] wrote outputs/tables/DC_T00b_medication_classes.csv (5 rows) 
[19:41:38] ASM generics counted: 18 (3888 rows) 
[19:41:38] wrote outputs/tables/DC_T01_medication_coverage.csv (2 rows) 
[19:41:38] coverage symmetric enough for earliest-of to be PRIMARY? FALSE 
[19:41:38] wrote outputs/tables/DC_T02_new_exclusions.csv (2 rows) 
[19:41:38] ASM-only records falling after censoring (not counted): 0 
[19:41:38] wrote outputs/tables/DC_T03_event_provenance.csv (4 rows) 
[19:41:38] wrote outputs/tables/DC_T04_code_minus_asm_lag.csv (2 rows) 
[19:41:39] wrote outputs/tables/DC_T05_models_dual_channel.csv (9 rows) 
[19:41:39] coverage-restricted: 27 matched sets | 27 cases, 37 controls 
[19:41:39] wrote outputs/tables/DC_T06_coverage_restricted.csv (3 rows) 
[19:41:39] wrote outputs/tables/DC_T06b_coverage_restricted_composition.csv (6 rows) 
[19:41:39] wrote outputs/tables/DC_T07_cumulative_incidence.csv (6 rows) 
[19:41:39] wrote outputs/tables/DC_T08_risk_difference.csv (1 rows) 
[19:42:18] wrote outputs/tables/DC_T09_restricted_mean_time_lost.csv (3 rows) 
[19:42:18] wrote outputs/tables/DC_T10_washout_symmetry.csv (2 rows) 
[19:42:18] wrote outputs/tables/DC_T11_ph_assumption.csv (3 rows) 
[19:42:18] wrote outputs/tables/DC_T12_negative_control.csv (2 rows) 
[19:42:18] wrote outputs/tables/DC_T13_summary_comparison.csv (9 rows) 
[19:42:18] F8 complete 
[20:36:37] === F4 figures & report (FINAL) === 
[20:36:38] wrote figure FIN_F1_cohort_flow (.png/.pdf) 
[20:36:38] wrote figure FIN_F2_balance (.png/.pdf) 
[20:36:39] wrote figure FIN_F3_incidence_rates (.png/.pdf) 
[20:36:40] wrote figure FIN_F4_cumulative_incidence (.png/.pdf) 
[20:36:40] wrote figure FIN_F5_forest_sensitivity (.png/.pdf) 
[20:36:41] wrote figure FIN_F6_subgroups (.png/.pdf) 
[20:36:41] wrote figure FIN_F7_negative_control (.png/.pdf) 
[20:36:41] wrote figure FIN_F8_tipping_point (.png/.pdf) 
[20:36:42] wrote figure FIN_F9_followup (.png/.pdf) 
[20:36:42] wrote figure FIN_F10_dag (.png/.pdf) 
[20:36:42] consistency guard passed: report headline matches F_T4a, F_T4d and F_T9 on disk 
[20:36:42] wrote report/final_analysis_report.md 
[20:36:50] F4 complete 
[20:36:51] === F7 additional figures === 
[20:36:52] wrote figure FIN_G1_latency_distribution (.png/.pdf) 
[20:36:52] wrote figure FIN_G2_bmi_interaction_continuous (.png/.pdf) 
[20:36:52] wrote figure FIN_G3_absolute_risk_by_subgroup (.png/.pdf) 
[20:36:53] wrote figure FIN_G4_calendar_trend (.png/.pdf) 
[20:36:53] wrote figure FIN_G5_minimum_detectable_effect (.png/.pdf) 
[20:36:53] wrote figure FIN_G6_time_varying_hr (.png/.pdf) 
[20:36:53] F7 complete 
[20:36:55] === 10 figures === 
[20:36:56] wrote figure F1_cohort_flow (.png/.pdf) 
[20:36:56] wrote figure F2_balance_love_plot (.png/.pdf) 
[20:36:57] wrote figure F3_incidence_rates (.png/.pdf) 
[20:36:58] wrote figure F4_cumulative_incidence (.png/.pdf) 
[20:36:58] wrote figure F5_forest_sensitivity (.png/.pdf) 
[20:36:59] wrote figure F6_hazard_by_time (.png/.pdf) 
[20:36:59] wrote figure F7_followup_distribution (.png/.pdf) 
[20:37:00] wrote figure F8_missingness (.png/.pdf) 
[20:37:00] wrote figure F9_tipping_point (.png/.pdf) 
[20:37:01] wrote figure F10_dag (.png/.pdf) 
[20:37:01] wrote figure F11_negative_control (.png/.pdf) 
[20:37:01] 10 complete 
[20:37:02] wrote figure F12_subgroup_forest (.png/.pdf) 
[20:37:02] wrote figure F13_time_varying_hr (.png/.pdf) 
[20:37:42] === F2 analysis (FINAL) === 
[20:37:42] wrote outputs/tables/F_S5_events_by_horizon.csv (5 rows) 
[20:37:42] wrote outputs/tables/F_T3_incidence_rates.csv (6 rows) 
[20:37:42] propensity c-statistic = 0.513 
[20:37:42] wrote outputs/tables/F_T4a_cox_models.csv (6 rows) 
[20:37:42] wrote outputs/tables/F_S6_ph_assumption.csv (3 rows) 
[20:37:42] wrote outputs/tables/F_T4b_competing_risk.csv (3 rows) 
[20:37:43] wrote outputs/tables/F_T4c_cumulative_incidence.csv (6 rows) 
[20:37:43] wrote outputs/tables/F_T4d_risk_difference.csv (1 rows) 
[20:37:43] wrote outputs/tables/F_T4e_evalue.csv (2 rows) 
[20:37:43] wrote outputs/tables/F_T5a_negative_control.csv (2 rows) 
[20:37:43] wrote outputs/tables/F_T5a2_negative_control_settled.csv (6 rows) 
[20:37:43] wrote outputs/tables/F_T5a3_negative_control_by_horizon.csv (6 rows) 
[20:37:44] wrote outputs/tables/F_T5b_time_split.csv (3 rows) 
[20:37:44] wrote outputs/tables/F_T1_baseline_balance.csv (10 rows) 
[20:37:44] wrote outputs/tables/F_T8_subgroup_interactions.csv (11 rows) 
[20:37:45] wrote outputs/tables/F_T6_sensitivity_analyses.csv (14 rows) 
[20:37:45] wrote outputs/tables/F_T6b_tipping_point.csv (6 rows) 
[20:37:45] wrote outputs/tables/F_T6c_outcome_misclassification.csv (5 rows) 
[20:38:21] wrote outputs/tables/F_T9_restricted_mean_time_lost.csv (3 rows) 
[20:38:21] wrote outputs/tables/F_T5d_exploratory_within_iih.csv (2 rows) 
[20:38:21] wrote outputs/tables/F_T5e_encephalocele_descriptive.csv (5 rows) 
[20:38:21] F2 complete 
[20:38:50] === F7 additional figures === 
[20:38:51] wrote figure FIN_G1_latency_distribution (.png/.pdf) 
[20:38:51] wrote figure FIN_G2_bmi_interaction_continuous (.png/.pdf) 
[20:38:51] wrote figure FIN_G3_absolute_risk_by_subgroup (.png/.pdf) 
[20:38:52] wrote figure FIN_G4_calendar_trend (.png/.pdf) 
[20:38:52] wrote figure FIN_G5_minimum_detectable_effect (.png/.pdf) 
[20:38:52] wrote figure FIN_G6_time_varying_hr (.png/.pdf) 
[20:38:52] F7 complete 
[20:38:54] === F4 figures & report (FINAL) === 
[20:38:54] wrote figure FIN_F1_cohort_flow (.png/.pdf) 
[20:38:54] wrote figure FIN_F2_balance (.png/.pdf) 
[20:38:55] wrote figure FIN_F3_incidence_rates (.png/.pdf) 
[20:38:55] wrote figure FIN_F4_cumulative_incidence (.png/.pdf) 
[20:38:56] wrote figure FIN_F5_forest_sensitivity (.png/.pdf) 
[20:38:57] wrote figure FIN_F6_subgroups (.png/.pdf) 
[20:38:57] wrote figure FIN_F7_negative_control (.png/.pdf) 
[20:38:57] wrote figure FIN_F8_tipping_point (.png/.pdf) 
[20:38:58] wrote figure FIN_F9_followup (.png/.pdf) 
[20:38:58] wrote figure FIN_F10_dag (.png/.pdf) 
[20:38:58] consistency guard passed: report headline matches F_T4a, F_T4d and F_T9 on disk 
[20:38:58] wrote report/final_analysis_report.md 
[20:38:59] F4 complete 
[00:33:09] === F2 analysis (FINAL) === 
[00:33:09] wrote outputs/tables/F_S5_events_by_horizon.csv (5 rows) 
[00:33:10] wrote outputs/tables/F_T3_incidence_rates.csv (6 rows) 
[00:33:10] propensity c-statistic = 0.513 
[00:33:10] wrote outputs/tables/F_T4a_cox_models.csv (6 rows) 
[00:33:10] wrote outputs/tables/F_S6_ph_assumption.csv (3 rows) 
[00:33:10] wrote outputs/tables/F_T4b_competing_risk.csv (3 rows) 
[00:33:11] wrote outputs/tables/F_T4c_cumulative_incidence.csv (6 rows) 
[00:33:11] wrote outputs/tables/F_T4d_risk_difference.csv (1 rows) 
[00:33:11] wrote outputs/tables/F_T4e_evalue.csv (2 rows) 
[00:33:11] wrote outputs/tables/F_T5a_negative_control.csv (2 rows) 
[00:33:11] recoded 1294 male-control blanks to 0 (investigator re-examination) 
[00:33:11] wrote outputs/tables/F_T5a4_male_control_zero_plausibility.csv (3 rows) 
[00:33:11] wrote outputs/tables/F_T5a2_negative_control_settled.csv (6 rows) 
[00:33:11] wrote outputs/tables/F_T5a3_negative_control_by_horizon.csv (6 rows) 
[00:33:12] wrote outputs/tables/F_T5b_time_split.csv (3 rows) 
[00:33:12] wrote outputs/tables/F_T1_baseline_balance.csv (10 rows) 
[00:33:12] wrote outputs/tables/F_T8_subgroup_interactions.csv (11 rows) 
[00:33:13] wrote outputs/tables/F_T6_sensitivity_analyses.csv (14 rows) 
[00:33:13] wrote outputs/tables/F_T6b_tipping_point.csv (6 rows) 
[00:33:13] wrote outputs/tables/F_T6c_outcome_misclassification.csv (5 rows) 
[00:33:51] wrote outputs/tables/F_T9_restricted_mean_time_lost.csv (3 rows) 
[00:33:51] wrote outputs/tables/F_T5d_exploratory_within_iih.csv (2 rows) 
[00:33:51] wrote outputs/tables/F_T5e_encephalocele_descriptive.csv (5 rows) 
[00:33:51] F2 complete 
[00:34:38] === F2 analysis (FINAL) === 
[00:34:38] wrote outputs/tables/F_S5_events_by_horizon.csv (5 rows) 
[00:34:38] wrote outputs/tables/F_T3_incidence_rates.csv (6 rows) 
[00:34:38] propensity c-statistic = 0.513 
[00:34:39] wrote outputs/tables/F_T4a_cox_models.csv (6 rows) 
[00:34:39] wrote outputs/tables/F_S6_ph_assumption.csv (3 rows) 
[00:34:39] wrote outputs/tables/F_T4b_competing_risk.csv (3 rows) 
[00:34:39] wrote outputs/tables/F_T4c_cumulative_incidence.csv (6 rows) 
[00:34:39] wrote outputs/tables/F_T4d_risk_difference.csv (1 rows) 
[00:34:39] wrote outputs/tables/F_T4e_evalue.csv (2 rows) 
[00:34:39] wrote outputs/tables/F_T5a_negative_control.csv (3 rows) 
[00:34:39] recoded 1294 male-control blanks to 0 (investigator re-examination) 
[00:34:39] wrote outputs/tables/F_T5a4_male_control_zero_plausibility.csv (3 rows) 
[00:34:40] wrote outputs/tables/F_T5a2_negative_control_settled.csv (6 rows) 
[00:34:40] wrote outputs/tables/F_T5a3_negative_control_by_horizon.csv (6 rows) 
[00:34:40] wrote outputs/tables/F_T5b_time_split.csv (3 rows) 
[00:34:40] wrote outputs/tables/F_T1_baseline_balance.csv (10 rows) 
[00:34:41] wrote outputs/tables/F_T8_subgroup_interactions.csv (11 rows) 
[00:34:41] wrote outputs/tables/F_T6_sensitivity_analyses.csv (14 rows) 
[00:34:42] wrote outputs/tables/F_T6b_tipping_point.csv (6 rows) 
[00:34:42] wrote outputs/tables/F_T6c_outcome_misclassification.csv (5 rows) 
[00:35:21] wrote outputs/tables/F_T9_restricted_mean_time_lost.csv (3 rows) 
[00:35:21] wrote outputs/tables/F_T5d_exploratory_within_iih.csv (2 rows) 
[00:35:21] wrote outputs/tables/F_T5e_encephalocele_descriptive.csv (5 rows) 
[00:35:22] F2 complete 
[00:35:23] === F4 figures & report (FINAL) === 
[00:35:24] wrote figure FIN_F1_cohort_flow (.png/.pdf) 
[00:35:25] wrote figure FIN_F2_balance (.png/.pdf) 
[00:35:25] wrote figure FIN_F3_incidence_rates (.png/.pdf) 
[00:35:26] wrote figure FIN_F4_cumulative_incidence (.png/.pdf) 
[00:35:27] wrote figure FIN_F5_forest_sensitivity (.png/.pdf) 
[00:35:28] wrote figure FIN_F6_subgroups (.png/.pdf) 
[00:35:28] wrote figure FIN_F7_negative_control (.png/.pdf) 
[00:35:28] wrote figure FIN_F8_tipping_point (.png/.pdf) 
[00:35:29] wrote figure FIN_F9_followup (.png/.pdf) 
[00:35:30] wrote figure FIN_F10_dag (.png/.pdf) 
[00:35:30] consistency guard passed: report headline matches F_T4a, F_T4d and F_T9 on disk 
[00:35:30] wrote report/final_analysis_report.md 
[00:35:38] F4 complete 
[00:35:58] === F2 analysis (FINAL) === 
[00:35:58] recoded 1294 male-control blanks to 0 (investigator re-examination) 
[00:35:58] wrote outputs/tables/F_T5a4_male_control_zero_plausibility.csv (3 rows) 
[00:35:58] wrote outputs/tables/F_S5_events_by_horizon.csv (5 rows) 
[00:35:58] wrote outputs/tables/F_T3_incidence_rates.csv (6 rows) 
[00:35:58] propensity c-statistic = 0.513 
[00:35:59] wrote outputs/tables/F_T4a_cox_models.csv (6 rows) 
[00:35:59] wrote outputs/tables/F_S6_ph_assumption.csv (3 rows) 
[00:35:59] wrote outputs/tables/F_T4b_competing_risk.csv (3 rows) 
[00:35:59] wrote outputs/tables/F_T4c_cumulative_incidence.csv (6 rows) 
[00:35:59] wrote outputs/tables/F_T4d_risk_difference.csv (1 rows) 
[00:35:59] wrote outputs/tables/F_T4e_evalue.csv (2 rows) 
[00:36:00] wrote outputs/tables/F_T5a_negative_control.csv (3 rows) 
[00:36:00] wrote outputs/tables/F_T5a2_negative_control_settled.csv (6 rows) 
[00:36:00] wrote outputs/tables/F_T5a3_negative_control_by_horizon.csv (6 rows) 
[00:36:01] wrote outputs/tables/F_T5b_time_split.csv (3 rows) 
[00:36:01] wrote outputs/tables/F_T1_baseline_balance.csv (10 rows) 
[00:36:01] wrote outputs/tables/F_T8_subgroup_interactions.csv (11 rows) 
[00:36:01] wrote outputs/tables/F_T6_sensitivity_analyses.csv (14 rows) 
[00:36:02] wrote outputs/tables/F_T6b_tipping_point.csv (6 rows) 
[00:36:02] wrote outputs/tables/F_T6c_outcome_misclassification.csv (5 rows) 
[00:36:42] wrote outputs/tables/F_T9_restricted_mean_time_lost.csv (3 rows) 
[00:36:42] wrote outputs/tables/F_T5d_exploratory_within_iih.csv (2 rows) 
[00:36:42] wrote outputs/tables/F_T5e_encephalocele_descriptive.csv (5 rows) 
[00:36:43] F2 complete 
[00:37:03] === F4 figures & report (FINAL) === 
[00:37:03] wrote figure FIN_F1_cohort_flow (.png/.pdf) 
[00:37:04] wrote figure FIN_F2_balance (.png/.pdf) 
[00:37:04] wrote figure FIN_F3_incidence_rates (.png/.pdf) 
[00:37:05] wrote figure FIN_F4_cumulative_incidence (.png/.pdf) 
[00:37:06] wrote figure FIN_F5_forest_sensitivity (.png/.pdf) 
[00:37:07] wrote figure FIN_F6_subgroups (.png/.pdf) 
[00:37:07] wrote figure FIN_F7_negative_control (.png/.pdf) 
[00:37:07] wrote figure FIN_F8_tipping_point (.png/.pdf) 
[00:37:08] wrote figure FIN_F9_followup (.png/.pdf) 
[00:37:09] wrote figure FIN_F10_dag (.png/.pdf) 
[00:37:09] consistency guard passed: report headline matches F_T4a, F_T4d and F_T9 on disk 
[00:37:09] wrote report/final_analysis_report.md 
[00:37:09] F4 complete 
[00:37:11] === F7 additional figures === 
[00:37:11] wrote figure FIN_G1_latency_distribution (.png/.pdf) 
[00:37:12] wrote figure FIN_G2_bmi_interaction_continuous (.png/.pdf) 
[00:37:12] wrote figure FIN_G3_absolute_risk_by_subgroup (.png/.pdf) 
[00:37:13] wrote figure FIN_G4_calendar_trend (.png/.pdf) 
[00:37:13] wrote figure FIN_G5_minimum_detectable_effect (.png/.pdf) 
[00:37:13] wrote figure FIN_G6_time_varying_hr (.png/.pdf) 
[00:37:13] F7 complete 
[00:47:01] === F2 analysis (FINAL) === 
[00:47:02] recoded 1294 male-control blanks to 0 (investigator re-examination) 
[00:47:02] wrote outputs/tables/F_T5a4_male_control_zero_plausibility.csv (3 rows) 
[00:47:02] wrote outputs/tables/F_S5_events_by_horizon.csv (5 rows) 
[00:47:02] wrote outputs/tables/F_T3_incidence_rates.csv (6 rows) 
[00:47:02] propensity c-statistic = 0.513 
[00:47:02] wrote outputs/tables/F_T4a_cox_models.csv (6 rows) 
[00:47:02] wrote outputs/tables/F_S6_ph_assumption.csv (3 rows) 
[00:47:03] wrote outputs/tables/F_T4b_competing_risk.csv (3 rows) 
[00:47:03] wrote outputs/tables/F_T4c_cumulative_incidence.csv (6 rows) 
[00:47:03] wrote outputs/tables/F_T4d_risk_difference.csv (1 rows) 
[00:47:03] wrote outputs/tables/F_T4e_evalue.csv (2 rows) 
[00:47:03] wrote outputs/tables/F_T5a_negative_control.csv (3 rows) 
[00:47:04] wrote outputs/tables/F_T5a2_negative_control_settled.csv (6 rows) 
[00:47:04] wrote outputs/tables/F_T5a3_negative_control_by_horizon.csv (6 rows) 
[00:47:04] wrote outputs/tables/F_T5a5_negative_control_adjusted.csv (4 rows) 
[00:47:04] wrote outputs/tables/F_T5a6_carpal_bmi_gradient_in_controls.csv (2 rows) 
[00:47:04] wrote outputs/tables/F_T5b_time_split.csv (3 rows) 
[00:47:04] wrote outputs/tables/F_T1_baseline_balance.csv (10 rows) 
[00:47:05] wrote outputs/tables/F_T8_subgroup_interactions.csv (11 rows) 
[00:47:05] wrote outputs/tables/F_T6_sensitivity_analyses.csv (14 rows) 
[00:47:06] wrote outputs/tables/F_T6b_tipping_point.csv (6 rows) 
[00:47:06] wrote outputs/tables/F_T6c_outcome_misclassification.csv (5 rows) 
[00:47:45] wrote outputs/tables/F_T9_restricted_mean_time_lost.csv (3 rows) 
[00:47:45] wrote outputs/tables/F_T5d_exploratory_within_iih.csv (2 rows) 
[00:47:45] wrote outputs/tables/F_T5e_encephalocele_descriptive.csv (5 rows) 
[00:47:45] F2 complete 
[00:47:46] === F4 figures & report (FINAL) === 
[00:47:47] wrote figure FIN_F1_cohort_flow (.png/.pdf) 
[00:47:48] wrote figure FIN_F2_balance (.png/.pdf) 
[00:47:48] wrote figure FIN_F3_incidence_rates (.png/.pdf) 
[00:47:49] wrote figure FIN_F4_cumulative_incidence (.png/.pdf) 
[00:47:49] wrote figure FIN_F5_forest_sensitivity (.png/.pdf) 
[00:47:50] wrote figure FIN_F6_subgroups (.png/.pdf) 
[00:47:51] wrote figure FIN_F7_negative_control (.png/.pdf) 
[00:47:51] wrote figure FIN_F8_tipping_point (.png/.pdf) 
[00:47:52] wrote figure FIN_F9_followup (.png/.pdf) 
[00:47:52] wrote figure FIN_F10_dag (.png/.pdf) 
[00:47:52] consistency guard passed: report headline matches F_T4a, F_T4d and F_T9 on disk 
[00:47:52] wrote report/final_analysis_report.md 
[00:47:54] F4 complete 
[12:57:31] === F9 rebuild carpal tunnel from diagnosis extract === 
[12:57:31] wrote outputs/tables/F_T5b1_carpal_codes_used.csv (12 rows) 
[12:57:31] carpal records kept: 2187 across 322 patients 
[12:57:32] wrote outputs/tables/F_T5b2_carpal_rebuild_vs_workbook.csv (8 rows) 
[12:57:32] analysis set after dropping prevalent carpal tunnel: 11556 (2524 IIH, 9032 control) 
[12:57:32] wrote outputs/tables/F_T5b3_negative_control_rebuilt.csv (8 rows) 
[12:57:32] F9 complete 
[12:58:50] === F9 rebuild carpal tunnel from diagnosis extract === 
[12:58:50] wrote outputs/tables/F_T5b1_carpal_codes_used.csv (12 rows) 
[12:58:50] carpal records kept: 2187 across 322 patients 
[12:58:51] wrote outputs/tables/F_T5b2_carpal_rebuild_vs_workbook.csv (8 rows) 
[12:58:51] analysis set after dropping prevalent carpal tunnel: 11556 (2524 IIH, 9032 control) 
[12:58:51] wrote outputs/tables/F_T5b3_negative_control_rebuilt.csv (8 rows) 
[12:58:51] wrote outputs/tables/F_T5b4_carpal_excess_drivers.csv (6 rows) 
[12:58:51] wrote outputs/tables/F_T5b5_negative_control_calibration.csv (3 rows) 
[12:58:51] F9 complete 
[13:00:17] === F10 smoking === 
[13:00:19] wrote outputs/tables/F_S8_smoking_unmapped_answers.csv (3 rows) 
[13:00:22] controls/cases matched in social history: 8192 
[13:00:22] wrote outputs/tables/F_T16a_smoking_coverage.csv (2 rows) 
[13:00:22] wrote outputs/tables/F_T16b_smoking_record_timing.csv (6 rows) 
[13:00:22] records dated AFTER index: 5010 
[13:00:22] wrote outputs/tables/F_T16c_models_with_smoking.csv (4 rows) 
[13:00:23] wrote outputs/tables/F_T16d_smoking_model_coefficients.csv (11 rows) 
[13:00:23] F10 complete 
[13:00:48] === F10 smoking === 
[13:00:50] wrote outputs/tables/F_S8_smoking_unmapped_answers.csv (3 rows) 
[13:00:53] controls/cases matched in social history: 8192 
[13:00:53] wrote outputs/tables/F_T16a_smoking_coverage.csv (2 rows) 
[13:00:53] wrote outputs/tables/F_T16b_smoking_record_timing.csv (6 rows) 
[13:00:53] records dated AFTER index: 5010 
[13:00:53] wrote outputs/tables/F_T16e_smoking_comparability.csv (3 rows) 
[13:00:54] wrote outputs/tables/F_T16c_models_with_smoking.csv (4 rows) 
[13:00:54] wrote outputs/tables/F_T16d_smoking_model_coefficients.csv (11 rows) 
[13:00:54] F10 complete 
[13:01:30] === F4 figures & report (FINAL) === 
[13:01:32] wrote figure FIN_F1_cohort_flow (.png/.pdf) 
[13:01:32] wrote figure FIN_F2_balance (.png/.pdf) 
[13:01:33] wrote figure FIN_F3_incidence_rates (.png/.pdf) 
[13:01:33] wrote figure FIN_F4_cumulative_incidence (.png/.pdf) 
[13:01:34] wrote figure FIN_F5_forest_sensitivity (.png/.pdf) 
[13:01:35] wrote figure FIN_F6_subgroups (.png/.pdf) 
[13:01:36] wrote figure FIN_F7_negative_control (.png/.pdf) 
[13:01:36] wrote figure FIN_F8_tipping_point (.png/.pdf) 
[13:01:37] wrote figure FIN_F9_followup (.png/.pdf) 
[13:01:38] wrote figure FIN_F10_dag (.png/.pdf) 
[13:01:38] consistency guard passed: report headline matches F_T4a, F_T4d and F_T9 on disk 
[13:01:38] wrote report/final_analysis_report.md 
[13:01:49] F4 complete 
[13:20:25] === G1 build master dataset === 
[13:20:32] wrote outputs/tables/G_T01_data_availability.csv (5 rows) 
[13:20:32] wrote outputs/tables/G_T02_cohorts.csv (6 rows) 
[13:20:33] G1 complete 
[13:21:17] === G2 analysis === 
[13:21:19] wrote outputs/tables/G_T03_main_results.csv (12 rows) 
[13:21:19] wrote outputs/tables/G_T04_incidence_rates.csv (8 rows) 
[13:21:19] wrote outputs/tables/G_T05_carpal_prevalence_baseline.csv (4 rows) 
[13:21:19] wrote outputs/tables/G_T06_balance.csv (14 rows) 
[13:21:19] wrote outputs/tables/G_T07_calibration.csv (2 rows) 
[13:21:19] wrote outputs/tables/G_T08_ph.csv (3 rows) 
[13:21:19] wrote outputs/tables/G_T09_absolute_risk.csv (1 rows) 
[13:21:19] G2 complete 
[13:22:21] === G3 figures & report === 
[13:22:23] wrote figure G_F1_seizure_vs_negative_control (.png/.pdf) 
[13:22:23] wrote figure G_F2_carpal_baseline_prevalence (.png/.pdf) 
[13:22:24] wrote figure G_F3_rates (.png/.pdf) 
[13:22:24] wrote figure G_F4_balance (.png/.pdf) 
[13:22:25] wrote figure G_F5_calibration (.png/.pdf) 
[13:22:33] G3 complete 
[13:28:58] wrote outputs/tables/G_T10_negative_control_screen.csv (1 rows) 
[13:39:09] === G5 negative-control panel === 
[13:39:12] wrote outputs/tables/G_T11_negative_control_panel.csv (6 rows) 
[13:39:12] valid controls with an estimate: 1 
[13:39:14] wrote figure G_F6_negative_control_panel (.png/.pdf) 
[13:39:14] G5 complete 
[13:40:19] === G5 negative-control panel === 
[13:40:21] wrote outputs/tables/G_T11_negative_control_panel.csv (6 rows) 
[13:40:21] valid controls with an estimate: 1 
[13:40:21] wrote outputs/tables/G_T13_bias_trend.csv (6 rows) 
[13:40:21] seizure HR 5.58 vs predicted-at-balance 0.79 (0.28-2.23) 
[13:40:22] wrote figure G_F7_bias_trend (.png/.pdf) 
[13:40:23] wrote figure G_F6_negative_control_panel (.png/.pdf) 
[13:40:23] G5 complete 
[13:46:20] === H1 final statistics === 
[13:46:22] wrote outputs/tables/H_T1_specifications.csv (15 rows) 
[13:46:22] wrote outputs/tables/H_T2_rates.csv (4 rows) 
[13:46:22] wrote outputs/tables/H_T3_cumulative_incidence.csv (6 rows) 
[13:46:22] wrote outputs/tables/H_T4_risk_difference.csv (1 rows) 
[13:46:22] wrote outputs/tables/H_T5_competing_risk.csv (3 rows) 
[13:46:22] wrote outputs/tables/H_T6_ph.csv (3 rows) 
[13:46:22] wrote outputs/tables/H_T7_evalue.csv (2 rows) 
[13:47:01] wrote outputs/tables/H_T8_rmtl.csv (3 rows) 
[13:47:01] wrote outputs/tables/H_T9_latency.csv (2 rows) 
[13:47:02] wrote outputs/tables/H_T10_subgroups.csv (9 rows) 
[13:47:02] wrote outputs/tables/H_T11_tipping_point.csv (5 rows) 
[13:47:02] H1 complete 
[13:48:01] === H2 final figures === 
[13:48:03] wrote figure H_F1_primary_specifications (.png/.pdf) 
[13:48:03] wrote figure H_F2_bias_trend (.png/.pdf) 
[13:48:04] wrote figure H_F3_negative_control_panel (.png/.pdf) 
[13:48:05] wrote figure H_F4_cumulative_incidence (.png/.pdf) 
[13:48:06] wrote figure H_F5_timing (.png/.pdf) 
[13:48:07] wrote figure H_F6_balance (.png/.pdf) 
[13:48:08] wrote figure H_F7_subgroups (.png/.pdf) 
[13:48:09] wrote figure H_F8_tipping_point (.png/.pdf) 
[13:48:09] H2 complete 
[13:48:24] === H2 final figures === 
[13:48:25] wrote figure H_F1_primary_specifications (.png/.pdf) 
[13:48:26] wrote figure H_F2_bias_trend (.png/.pdf) 
[13:48:27] wrote figure H_F3_negative_control_panel (.png/.pdf) 
[13:48:28] wrote figure H_F4_cumulative_incidence (.png/.pdf) 
[13:48:29] wrote figure H_F5_timing (.png/.pdf) 
[13:48:29] wrote figure H_F6_balance (.png/.pdf) 
[13:48:30] wrote figure H_F7_subgroups (.png/.pdf) 
[13:48:31] wrote figure H_F8_tipping_point (.png/.pdf) 
[13:48:31] H2 complete 
[13:49:20] === H3 final report === 
[13:49:31] H3 complete 
[15:46:07] === J1 epilepsy phenotype === 
[15:46:07] wrote outputs/tables/J_T01_code_classes.csv (4 rows) 
[15:46:10] classifying phenotypes (this takes a moment) ... 
[15:46:14] wrote outputs/tables/J_T02_phenotype_counts.csv (4 rows) 
[15:46:14] J1 complete 
[15:51:04] === J1 epilepsy vs single-seizure phenotype === 
[15:51:05] wrote outputs/tables/J_T01_code_classes.csv (4 rows) 
[15:51:07] wrote outputs/tables/J_T02_at_risk.csv (2 rows) 
[15:51:07] classifying phenotypes ... 
[15:51:08] wrote outputs/tables/J_T03_phenotype_counts.csv (4 rows) 
[15:51:08] wrote outputs/tables/J_T04_concordance_with_primary.csv (2 rows) 
[15:51:08] J1 complete 
[16:13:24] === J2 outcome-definition sensitivity === 
[16:13:25] wrote outputs/tables/J_T05_outcome_definition_sensitivity.csv (6 rows) 
[16:13:25] J2 complete 
[16:45:05] === J3 epilepsy vs single seizure among outcome-positive patients === 
[16:45:09] wrote outputs/tables/J_T06_epilepsy_vs_single.csv (2 rows) 
[16:45:09] wrote outputs/tables/J_T07_channel_contributions.csv (2 rows) 
[16:45:09] wrote outputs/tables/J_T08_epilepsy_proportion_test.csv (1 rows) 
[16:45:09] J3 complete 
[16:50:03] === J3 epilepsy vs single seizure among outcome-positive patients === 
[16:50:08] wrote outputs/tables/J_T06_epilepsy_vs_single.csv (2 rows) 
[16:50:08] wrote outputs/tables/J_T07_channel_contributions.csv (2 rows) 
[16:50:08] wrote outputs/tables/J_T09_chronic_asm_agents.csv (11 rows) 
[16:50:08] wrote outputs/tables/J_T08_epilepsy_proportion_test.csv (1 rows) 
[16:50:08] J3 complete 
[16:50:18] === J3 epilepsy vs single seizure among outcome-positive patients === 
[16:50:22] wrote outputs/tables/J_T06_epilepsy_vs_single.csv (2 rows) 
[16:50:22] wrote outputs/tables/J_T07_channel_contributions.csv (2 rows) 
[16:50:22] wrote outputs/tables/J_T09_chronic_asm_agents.csv (11 rows) 
[16:50:22] wrote outputs/tables/J_T08_epilepsy_proportion_test.csv (1 rows) 
[16:50:22] J3 complete 
[16:50:53] === J4 figure === 
[16:51:50] === J4 figures === 
[16:51:52] wrote figure J_F1_epilepsy_vs_single_seizure (.png/.pdf) 
[16:51:53] wrote figure J_F2_epilepsy_evidence_channels (.png/.pdf) 
[16:51:53] J4 complete 
[16:52:25] === J4 figures === 
[16:52:26] wrote figure J_F1_epilepsy_vs_single_seizure (.png/.pdf) 
[16:52:26] wrote figure J_F2_epilepsy_evidence_channels (.png/.pdf) 
[16:52:26] J4 complete 
[16:58:24] === J4 figures === 
[16:58:26] wrote figure J_F1_epilepsy_vs_single_seizure (.png/.pdf) 
[17:01:42] === J4 figures === 
[17:01:43] wrote figure J_F1_epilepsy_vs_single_seizure (.png/.pdf) 
[17:01:51] === J4 figures === 
[17:01:52] wrote figure J_F1_epilepsy_vs_single_seizure (.png/.pdf) 
[17:01:52] wrote figure J_F2_absolute_risk_split (.png/.pdf) 
[17:01:53] wrote figure J_F3_epilepsy_evidence_channels (.png/.pdf) 
[17:01:53] J4 complete 
[17:02:20] === J4 figures === 
[17:02:21] wrote figure J_F1_epilepsy_vs_single_seizure (.png/.pdf) 
[17:02:22] wrote figure J_F2_absolute_risk_split (.png/.pdf) 
[17:02:22] wrote figure J_F3_epilepsy_evidence_channels (.png/.pdf) 
[17:02:22] J4 complete 
[17:02:42] === J4 figures === 
[17:02:43] wrote figure J_F1_epilepsy_vs_single_seizure (.png/.pdf) 
[17:02:44] wrote figure J_F2_absolute_risk_split (.png/.pdf) 
[17:02:44] wrote figure J_F3_epilepsy_evidence_channels (.png/.pdf) 
[17:02:44] J4 complete 
[17:03:04] === J4 figures === 
[17:03:05] wrote figure J_F1_epilepsy_vs_single_seizure (.png/.pdf) 
[17:03:05] wrote figure J_F2_absolute_risk_split (.png/.pdf) 
[17:03:06] wrote figure J_F3_epilepsy_evidence_channels (.png/.pdf) 
[17:03:06] J4 complete 
[17:03:18] === J4 figures === 
[17:03:19] wrote figure J_F1_epilepsy_vs_single_seizure (.png/.pdf) 
[17:03:19] wrote figure J_F2_absolute_risk_split (.png/.pdf) 
[17:03:20] wrote figure J_F3_epilepsy_evidence_channels (.png/.pdf) 
[17:03:20] J4 complete 
[17:06:16] === J5 epilepsy as an outcome === 
[17:06:16] wrote outputs/tables/J_T10_epilepsy_as_outcome.csv (4 rows) 
[17:06:16] J5 complete 
[01:42:59] === K1 reviewer checks === 
[01:42:59] wrote outputs/tables/K_T01_reviewer_checks.csv (16 rows) 
[01:42:59] K1 complete 
[01:46:00] === K2 symmetric re-derivation of the primary outcome === 
[01:46:17] === K2 symmetric re-derivation of the primary outcome === 
[01:46:20] wrote outputs/tables/K_T02_symmetric_outcome.csv (8 rows) 
[01:46:20] wrote outputs/tables/K_T03_reclassification.csv (2 rows) 
[01:46:20] K2 complete 
[01:47:25] === K2 symmetric re-derivation of the primary outcome === 
[01:47:29] wrote outputs/tables/K_T02_symmetric_outcome.csv (8 rows) 
[01:47:29] wrote outputs/tables/K_T03_reclassification.csv (2 rows) 
[01:47:29] K2 complete 
[01:48:17] === K2 symmetric re-derivation of the primary outcome === 
[01:48:21] wrote outputs/tables/K_T02_symmetric_outcome.csv (8 rows) 
[01:48:21] wrote outputs/tables/K_T03_reclassification.csv (2 rows) 
[01:48:21] K2 complete 
[01:48:21] wrote outputs/tables/K_T04_source_completeness.csv (5 rows) 
[01:55:15] === K3 one rule, both arms === 
[01:55:15] wrote outputs/tables/K_T05_what_was_counted.csv (3 rows) 
[01:55:16] wrote outputs/tables/K_T06_one_rule_both_arms.csv (5 rows) 
[01:55:16] THE QUESTION FOR THE ABSTRACTION TEAM: were the 152 comparators with  
[01:55:16] R56-only codes chart-reviewed and rejected as non-seizures, and were  
[01:55:16] the 70 IIH patients with R56-only codes chart-reviewed and confirmed?  
[01:55:16] If both, the asymmetry is clinical and the published estimate stands.  
[01:55:16] If not, the rule differed by arm and the estimate does not. 
[01:55:16] K3 complete 
[02:02:13] === K4 outcome_criterion === 
[02:02:13] wrote outputs/tables/K_T08_outcome_criterion.csv (2 rows) 
[02:02:13] wrote outputs/tables/K_T09_criterion_coverage.csv (4 rows) 
[02:02:13] K4 complete 
[02:04:59] === K5 re-score comparators to the case standard === 
[02:05:00] wrote outputs/tables/K_T10_rescored_comparators.csv (6 rows) 
[02:05:00] K5 complete 
[02:07:11] === K5 re-score comparators to the case standard === 
[02:07:11] wrote outputs/tables/K_T10_rescored_comparators.csv (6 rows) 
[02:07:11] K5 complete 
[02:10:02] === K6 corrected primary analysis === 
[02:10:03] wrote outputs/tables/K_T12_corrected_primary.csv (2 rows) 
[02:10:03] wrote outputs/tables/K_T13_secondary_recurrent.csv (4 rows) 
[02:10:03] K6 complete 
[02:10:38] === K6 corrected primary analysis === 
[02:10:38] wrote outputs/tables/K_T12_corrected_primary.csv (2 rows) 
[02:10:38] wrote outputs/tables/K_T13_secondary_recurrent.csv (4 rows) 
[02:10:38] K6 complete 
[02:13:49] === K7 code inventory === 
[02:13:50] wrote outputs/tables/K_T14_code_inventory.csv (92 rows) 
[02:13:50] rows with fewer than 3 patients are in the CSV but not printed 
[02:13:50] K7 complete 
[02:17:18] === K6 corrected primary analysis === 
[02:17:22] wrote outputs/tables/K_T12_corrected_primary.csv (2 rows) 
[02:17:22] wrote outputs/tables/K_T13_secondary_recurrent.csv (4 rows) 
[02:17:22] K6 complete 
[02:17:42] === K6 corrected primary analysis === 
[02:17:46] Spells-only without chronic ASM, dropped from both arms: 0 (IIH 0, comparator 0) 
[02:17:46] wrote outputs/tables/K_T12_corrected_primary.csv (2 rows) 
[02:17:46] wrote outputs/tables/K_T13_secondary_recurrent.csv (4 rows) 
[02:17:46] K6 complete 
[02:18:01] === K6 corrected primary analysis === 
[02:18:04] Spells-only without chronic ASM, dropped from both arms: 1 (IIH 1, comparator 0) 
[02:18:04] wrote outputs/tables/K_T12_corrected_primary.csv (2 rows) 
[02:18:04] wrote outputs/tables/K_T13_secondary_recurrent.csv (4 rows) 
[02:18:04] K6 complete 
[02:21:33] === K8 dropping the non-specific codes === 
[02:21:37] wrote outputs/tables/K_T15_dropping_nonspecific.csv (6 rows) 
[02:21:37] wrote outputs/tables/K_T16_medication_coverage.csv (7 rows) 
[02:21:37] K8 complete 
[02:23:52] === K9 final corrected primary === 
[02:23:56] Spells-only without indefinite ASM, excluded from both arms: 1 
[02:23:57] wrote outputs/tables/K_T17_final_primary.csv (4 rows) 
[02:23:57] wrote outputs/tables/K_T18_final_secondary.csv (4 rows) 
[02:23:57] K9 complete 
[02:24:21] === K9 final corrected primary === 
[02:24:24] Spells-only without indefinite ASM, excluded from both arms: 1 
[02:24:25] wrote outputs/tables/K_T17_final_primary.csv (4 rows) 
[02:24:25] wrote outputs/tables/K_T18_final_secondary.csv (4 rows) 
[02:24:25] K9 complete 
[02:29:32] === K10 benzodiazepine check === 
[02:29:34] wrote outputs/tables/K_T19_benzodiazepine_prevalence.csv (2 rows) 
[02:29:34] wrote outputs/tables/K_T20_benzodiazepine_as_outcome.csv (4 rows) 
[02:29:34] K10 complete 
[02:40:43] === K11 re-match against the engaged pool === 
[02:40:43] cases 2606 | engaged control pool 4037 
[02:40:47] cases matched 1145 of 2606 | controls used 4036 
[02:41:11] === K11 re-match against the engaged pool === 
[02:41:11] cases 2606 | engaged control pool 4037 
[02:41:14] pass 1: cases matched 2545 | controls used 2545 
[02:41:18] pass 2: cases matched 2545 | controls used 4036 
[02:41:23] pass 3: cases matched 2545 | controls used 4037 
[02:41:27] pass 4: cases matched 2545 | controls used 4037 
[02:41:27] cases matched 2545 of 2606 | controls used 4037 
[02:41:27] wrote outputs/tables/K_T22_rematch_flow.csv (6 rows) 
[02:41:27] wrote outputs/tables/K_T23_ratio.csv (3 rows) 
[02:41:27] wrote outputs/tables/K_T24_tiers.csv (4 rows) 
[02:41:27] wrote outputs/tables/K_T25_rematch_balance.csv (3 rows) 
[02:41:31] wrote outputs/tables/K_T26_rematched_primary.csv (1 rows) 
[02:41:31] K11 complete 
[02:41:46] === K11 re-match against the engaged pool === 
[02:41:46] cases 2606 | engaged control pool 4037 
[02:41:48] pass 1: cases matched 2545 | controls used 2545 
[02:41:52] pass 2: cases matched 2545 | controls used 4036 
[02:41:57] pass 3: cases matched 2545 | controls used 4037 
[02:42:02] pass 4: cases matched 2545 | controls used 4037 
[02:42:02] cases matched 2545 of 2606 | controls used 4037 
[02:42:02] wrote outputs/tables/K_T22_rematch_flow.csv (6 rows) 
[02:42:02] wrote outputs/tables/K_T23_ratio.csv (3 rows) 
[02:42:02] wrote outputs/tables/K_T24_tiers.csv (4 rows) 
[02:42:02] wrote outputs/tables/K_T25_rematch_balance.csv (3 rows) 
[02:42:05] wrote outputs/tables/K_T26_rematched_primary.csv (1 rows) 
[02:42:05] K11 complete 
[02:45:58] === K12 audit === 
[02:45:58] wrote outputs/tables/K_T27_rematch_index_mismatch.csv (4 rows) 
[02:45:58] wrote outputs/tables/K_T28_orphaned_cases.csv (2 rows) 
[02:45:58] wrote outputs/tables/K_T29_complete_sets_sensitivity.csv (2 rows) 
[02:45:58] K12 complete 
[13:43:50] === K13 proper re-match on dated encounters === 
[13:44:02] encounter days 452908 for 9122 controls 
[13:44:20] pass 1: cases 2571 | controls 2571 
[13:44:33] pass 2: cases 2571 | controls 5045 
[13:44:46] pass 3: cases 2571 | controls 7219 
[13:45:01] pass 4: cases 2571 | controls 7944 
[13:45:02] wrote outputs/tables/K_T30_rematched_proper.csv (1 rows) 
[13:45:02] wrote outputs/tables/K_T31_rematch_flow_proper.csv (6 rows) 
[13:45:02] wrote outputs/tables/K_T32_rematch_balance_proper.csv (3 rows) 
[13:45:02] K13 complete 
[13:45:48] === K13 proper re-match on dated encounters === 
[13:46:01] encounter days 452908 for 9122 controls 
[13:46:17] pass 1: cases 2573 | controls 2573 
[13:46:30] pass 2: cases 2573 | controls 5050 
[13:46:43] pass 3: cases 2573 | controls 7245 
[13:46:58] pass 4: cases 2573 | controls 8088 
[13:46:58] prevalent excluded after matching: 208 
[13:46:58] wrote outputs/tables/K_T33_prev_after_matching.csv (1 rows) 
[13:46:58] K13 complete 
[13:47:30] === K13 proper re-match on dated encounters === 
[13:47:43] encounter days 452908 for 9122 controls 
[13:47:59] pass 1: cases 2571 | controls 2571 
[13:48:13] pass 2: cases 2571 | controls 5045 
[13:48:26] pass 3: cases 2571 | controls 7219 
[13:48:42] pass 4: cases 2571 | controls 7944 
[13:48:43] wrote outputs/tables/K_T30_rematched_proper.csv (1 rows) 
[13:48:43] wrote outputs/tables/K_T31_rematch_flow_proper.csv (6 rows) 
[13:48:43] wrote outputs/tables/K_T32_rematch_balance_proper.csv (3 rows) 
[13:48:43] K13 complete 
[14:09:47] === K14 final re-match, both arms on dated encounters === 
[14:10:15] encounter-days 978634 across 11740 patients 
[14:10:32] cases engaged on the rebuilt definition: 2527 of 2618 
[14:11:39] pass 1: cases 2501 controls 2501 
[14:12:48] pass 2: cases 2501 controls 4921 
[14:14:02] pass 3: cases 2501 controls 7092 
[14:15:38] pass 4: cases 2501 controls 7916 
[14:15:39] wrote outputs/tables/K_T34_final_rematch.csv (1 rows) 
[14:15:39] wrote outputs/tables/K_T35_final_flow.csv (6 rows) 
[14:15:39] wrote outputs/tables/K_T36_final_balance.csv (3 rows) 
[14:15:39] K14 complete 
[14:27:49] === K15 FINAL ANALYSIS === 
[14:28:35] encounter-days 1003353 across 11740 patients 
[14:28:52] cases engaged: 2536 of 2618 
[14:30:01] pass 1: cases 2508 controls 2508 
[14:31:11] pass 2: cases 2508 controls 4934 
[14:33:00] === K15 FINAL ANALYSIS === 
[14:33:35] encounter-days 1008379 across 11740 patients 
[14:33:52] cases engaged: 2538 of 2618 
[14:35:07] pass 1: cases 2511 controls 2511 
[14:36:26] pass 2: cases 2511 controls 4948 
[14:37:52] pass 3: cases 2511 controls 7112 
[14:39:25] === K15 FINAL ANALYSIS === 
[14:40:00] encounter-days 1008379 across 11740 patients 
[14:40:18] cases engaged: 2538 of 2618 
[14:41:35] pass 1: cases 2511 controls 2511 
[14:42:54] pass 2: cases 2511 controls 4948 
[14:44:21] pass 3: cases 2511 controls 7112 
[14:46:13] pass 4: cases 2511 controls 7905 
[14:46:16] === K15 FINAL ANALYSIS === 
[14:46:51] encounter-days 1008379 across 11740 patients 
[14:47:37] === K15 FINAL ANALYSIS === 
[14:48:13] ENC_MODE = visits 
[14:48:13] encounter-days 476988 across 11740 patients 
[14:48:27] cases engaged: 2520 of 2618 
[14:49:35] pass 1: cases 2490 controls 2490 
[14:50:54] pass 2: cases 2490 controls 4661 
[14:52:38] pass 3: cases 2490 controls 5548 
[14:54:29] pass 4: cases 2490 controls 5743 
[14:54:30] wrote outputs/tables/K_T38_FINAL_results_visits.csv (4 rows) 
[14:54:30] wrote outputs/tables/K_T39_FINAL_secondary_visits.csv (2 rows) 
[14:54:30] wrote outputs/tables/K_T40_FINAL_flow_visits.csv (6 rows) 
[14:54:30] wrote outputs/tables/K_T41_FINAL_balance_visits.csv (3 rows) 
[14:54:30] K15 complete 
[14:54:32] === K15 FINAL ANALYSIS === 
[14:55:11] ENC_MODE = all 
[14:55:12] encounter-days 1008379 across 11740 patients 
[14:55:30] cases engaged: 2538 of 2618 
[14:56:40] pass 1: cases 2511 controls 2511 
[14:57:51] pass 2: cases 2511 controls 4948 
[14:59:13] pass 3: cases 2511 controls 7112 
[15:01:03] pass 4: cases 2511 controls 7905 
[15:01:04] wrote outputs/tables/K_T38_FINAL_results_all.csv (4 rows) 
[15:01:05] wrote outputs/tables/K_T39_FINAL_secondary_all.csv (2 rows) 
[15:01:05] wrote outputs/tables/K_T40_FINAL_flow_all.csv (6 rows) 
[15:01:05] wrote outputs/tables/K_T41_FINAL_balance_all.csv (3 rows) 
[15:01:05] K15 complete 
[15:05:42] === K16 final figures === 
[15:05:44] wrote figure K_F1_cumulative_incidence (.png/.pdf) 
[15:05:44] wrote outputs/tables/K_S2_numbers_at_risk.csv (2 rows) 
[15:05:45] wrote figure K_F2_forest_specifications (.png/.pdf) 
[15:05:46] wrote figure K_F3_recurrent_vs_single (.png/.pdf) 
[15:05:55] wrote outputs/tables/K_S1_encounter_type_classification.csv (171 rows) 
[15:05:55] encounter types: 125 counted, 46 excluded 
[15:05:55] K16 complete 
[15:06:15] === K16 final figures === 
[15:06:16] wrote figure K_F1_cumulative_incidence (.png/.pdf) 
[15:06:16] wrote outputs/tables/K_S2_numbers_at_risk.csv (2 rows) 
[15:06:17] wrote figure K_F2_forest_specifications (.png/.pdf) 
[15:06:17] wrote figure K_F3_recurrent_vs_single (.png/.pdf) 
[15:06:27] wrote outputs/tables/K_S1_encounter_type_classification.csv (171 rows) 
[15:06:27] encounter types: 125 counted, 46 excluded 
[15:06:27] K16 complete 
[15:06:53] === K16 final figures === 
[15:06:54] wrote figure K_F1_cumulative_incidence (.png/.pdf) 
[15:06:54] wrote outputs/tables/K_S2_numbers_at_risk.csv (2 rows) 
[15:06:55] wrote figure K_F2_forest_specifications (.png/.pdf) 
[15:06:56] wrote figure K_F3_recurrent_vs_single (.png/.pdf) 
[15:07:05] wrote outputs/tables/K_S1_encounter_type_classification.csv (171 rows) 
[15:07:05] encounter types: 125 counted, 46 excluded 
[15:07:05] K16 complete 
[15:07:25] === K16 final figures === 
[15:07:26] wrote figure K_F1_cumulative_incidence (.png/.pdf) 
[15:07:26] wrote outputs/tables/K_S2_numbers_at_risk.csv (2 rows) 
[15:07:27] wrote figure K_F2_forest_specifications (.png/.pdf) 
[15:07:27] wrote figure K_F3_recurrent_vs_single (.png/.pdf) 
[15:07:37] wrote outputs/tables/K_S1_encounter_type_classification.csv (171 rows) 
[15:07:37] encounter types: 125 counted, 46 excluded 
[15:07:37] K16 complete 
[15:12:45] === K17 negative controls on the rebuilt cohort === 
[15:12:46] wrote outputs/tables/K_T42_negative_controls.csv (6 rows) 
[15:12:46] wrote outputs/tables/K_T43_calibration.csv (5 rows) 
[15:12:46] K17 complete 
[15:14:25] === K18 further figures === 
[15:14:26] wrote figure K_F4_negative_control_calibration (.png/.pdf) 
[15:14:27] wrote figure K_F5_timing_of_events (.png/.pdf) 
[15:14:32] wrote figure K_F6_severity_cascade (.png/.pdf) 
[15:14:32] wrote outputs/tables/K_T44_severity_cascade.csv (4 rows) 
[15:14:32] K18 complete 
[15:15:12] === K18 further figures === 
[15:15:13] wrote figure K_F4_negative_control_calibration (.png/.pdf) 
[15:15:14] wrote figure K_F5_timing_of_events (.png/.pdf) 
[15:15:19] wrote figure K_F6_severity_cascade (.png/.pdf) 
[15:15:19] wrote outputs/tables/K_T44_severity_cascade.csv (4 rows) 
[15:15:19] K18 complete 
[15:55:21] === K19 second negative-control panel === 
[15:55:22] wrote outputs/tables/K_T45_negative_controls_v2.csv (5 rows) 
[15:55:22] admitted: 0 of 5 
[15:55:22] K19 complete 
[15:57:02] === K19 second negative-control panel === 
[15:57:02] wrote outputs/tables/K_T45_negative_controls_v2.csv (6 rows) 
[15:57:02] admitted: 0 of 6 
[15:57:02] K19 complete 
[15:59:42] === K20 healthcare contact === 
[16:00:16] wrote outputs/tables/K_T46_visit_density.csv (2 rows) 
[16:00:17] wrote outputs/tables/K_T47_contact_adjustment.csv (12 rows) 
[16:00:18] wrote outputs/tables/K_T48_calibration_v2.csv (8 rows) 
[16:00:18] K20 complete 
[16:01:02] === K21 contact figures === 
[16:01:03] wrote figure K_F7_contact_adjustment (.png/.pdf) 
[16:01:04] wrote figure K_F8_calibration_v2 (.png/.pdf) 
[16:01:04] K21 complete 
[16:01:23] === K21 contact figures === 
[16:01:24] wrote figure K_F7_contact_adjustment (.png/.pdf) 
[16:01:25] wrote figure K_F8_calibration_v2 (.png/.pdf) 
[16:01:25] K21 complete 
[16:05:48] === K22 robustness of the contact adjustment === 
[16:06:24] wrote outputs/tables/K_T49_contact_measures.csv (6 rows) 
[16:06:27] wrote outputs/tables/K_T50_contact_robustness.csv (7 rows) 
[16:06:27] K22 complete 
[16:11:15] === K23 post-index adjustment is a collider === 
[16:11:49] wrote outputs/tables/K_T51_visits_by_event.csv (2 rows) 
[16:11:50] wrote outputs/tables/K_T52_collider_demonstration.csv (3 rows) 
[16:11:50] K23 complete 
[16:48:40] === K24 SAP completion === 
[16:49:14] wrote outputs/tables/SAP_T1_baseline.csv (7 rows) 
[16:49:14] wrote outputs/tables/SAP_T2_surveillance.csv (3 rows) 
[16:49:14] wrote outputs/tables/SAP_T3a_period_specific.csv (4 rows) 
[16:49:14] wrote outputs/tables/SAP_T3b_landmark.csv (4 rows) 
[16:49:15] wrote outputs/tables/SAP_T4_competing_risks.csv (3 rows) 
[16:49:15] wrote outputs/tables/SAP_T5_subgroups.csv (6 rows) 
[16:49:15] wrote outputs/tables/SAP_T6_propensity.csv (7 rows) 
[16:49:15] wrote outputs/tables/SAP_T7_missing.csv (7 rows) 
[16:49:15] wrote outputs/tables/SAP_T8_events_per_parameter.csv (7 rows) 
[16:49:15] K24 complete 
[03:50:37] === K25 negative controls over time === 
[03:50:40] wrote outputs/tables/K_T53_negative_controls_over_time.csv (11 rows) 
[03:50:40] negative-control trend slopes: median 0.21  (negative = fading)   seizure -0.049 
[03:50:40] K25 complete 
[04:00:46] === K26 post-index surveillance === 
[04:01:22] wrote outputs/tables/K_T54_post_index_surveillance.csv (10 rows) 
[04:01:23] wrote outputs/tables/K_T55_negative_outcome_rates.csv (12 rows) 
[04:01:23] K26 complete 
[14:26:26] === Z0 provenance gate === 
[14:26:26] NOTE present but NOT used: IIH_MASTER_cases_and_controls_2.csv 
[14:26:26] NOTE present but NOT used: MDE_Encounters_controls.csv 
[14:26:32] case encounter rows 1,199,125 exceed Excel ceiling 1,048,575: untruncated export confirmed 
[14:26:32] master workbook sheets: Analysis_Cohort, Cases, Controls, Table1_Baseline, Matching_Balance, Excluded_from_analysis, Source_Manifest, Codebook 
[14:26:42] === Z0 provenance gate === 
[14:26:42] NOTE present but NOT used: IIH_MASTER_cases_and_controls_2.csv 
[14:26:42] NOTE present but NOT used: MDE_Encounters_controls.csv 
[14:26:43] case encounter rows 1,199,125 exceed Excel ceiling 1,048,575: untruncated export confirmed 
[14:26:43] master workbook sheets: Analysis_Cohort, Cases, Controls, Table1_Baseline, Matching_Balance, Excluded_from_analysis, Source_Manifest, Codebook 
[14:26:43] wrote outputs/tables/Z_T00_provenance.csv (20 rows) 
[14:26:43] Z0 provenance gate PASSED 
[14:27:07] === F1 import & audit (FINAL workbook) === 
[14:27:08] Analysis_Cohort: 11740 rows x 58 cols; excluded sheet: 1603 rows 
[14:27:08] supplied e3/t3 and e5/t5 reproduce exactly from t_y and event 
[14:27:08] wrote outputs/tables/F_S1_washout_symmetry.csv (2 rows) 
[14:27:08] wrote outputs/tables/F_T2b_matching_ratio.csv (4 rows) 
[14:27:08] mean controls/case = 3.48 | full 1:4 sets = 61.5% 
[14:27:08] wrote outputs/tables/F_T2_cohort_flow.csv (7 rows) 
[14:27:09] wrote outputs/tables/F_S2_data_dictionary.csv (58 rows) 
[14:27:09] wrote outputs/tables/F_S3_source_manifest.csv (13 rows) 
[14:27:09] wrote outputs/tables/F_S4_codebook.csv (12 rows) 
[14:27:09] cohort-specific variables: 26 
[14:27:09] F1 complete 
[14:27:14] === G1 build master dataset === 
[14:27:20] wrote outputs/tables/G_T01_data_availability.csv (5 rows) 
[14:27:20] wrote outputs/tables/G_T02_cohorts.csv (6 rows) 
[14:27:21] G1 complete 
[14:27:29] === K15 FINAL ANALYSIS === 
[14:27:54] ENC_MODE = visits 
[14:27:55] encounter-days 476988 across 11740 patients 
[14:28:05] cases engaged: 2520 of 2618 
[14:28:58] pass 1: cases 2490 controls 2490 
[14:29:55] === Z0 provenance gate === 
[14:29:55] NOTE present but NOT used: IIH_MASTER_cases_and_controls_2.csv 
[14:29:55] NOTE present but NOT used: MDE_Encounters_controls.csv 
[14:29:56] case encounter rows 1,199,125 exceed Excel ceiling 1,048,575: untruncated export confirmed 
[14:29:56] master workbook sheets: Analysis_Cohort, Cases, Controls, Table1_Baseline, Matching_Balance, Excluded_from_analysis, Source_Manifest, Codebook 
[14:29:56] wrote outputs/tables/Z_T00_provenance.csv (20 rows) 
[14:29:56] Z0 provenance gate PASSED 
[14:29:57] === F1 import & audit (FINAL workbook) === 
[14:29:58] Analysis_Cohort: 11740 rows x 58 cols; excluded sheet: 1603 rows 
[14:29:58] supplied e3/t3 and e5/t5 reproduce exactly from t_y and event 
[14:29:58] wrote outputs/tables/F_S1_washout_symmetry.csv (2 rows) 
[14:29:58] wrote outputs/tables/F_T2b_matching_ratio.csv (4 rows) 
[14:29:58] mean controls/case = 3.48 | full 1:4 sets = 61.5% 
[14:29:58] wrote outputs/tables/F_T2_cohort_flow.csv (7 rows) 
[14:29:59] wrote outputs/tables/F_S2_data_dictionary.csv (58 rows) 
[14:29:59] wrote outputs/tables/F_S3_source_manifest.csv (13 rows) 
[14:29:59] wrote outputs/tables/F_S4_codebook.csv (12 rows) 
[14:29:59] cohort-specific variables: 26 
[14:29:59] F1 complete 
[14:30:00] === G1 build master dataset === 
[14:30:06] wrote outputs/tables/G_T01_data_availability.csv (5 rows) 
[14:30:06] wrote outputs/tables/G_T02_cohorts.csv (6 rows) 
[14:30:07] G1 complete 
[14:30:08] === K15 FINAL ANALYSIS === 
[14:30:34] ENC_MODE = visits 
[14:30:34] encounter-days 476988 across 11740 patients 
[14:30:45] cases engaged: 2520 of 2618 
[14:31:37] pass 1: cases 2490 controls 2490 
